Component: ARM Compiler 5.06 update 6 (build 750) Tool: armlink [4d35ed]

==============================================================================

Section Cross References

    main.o(i.Line_Follow_Step) refers to app_layer.o(i.App_Line_Sensor_Read) for App_Line_Sensor_Read
    main.o(i.Line_Follow_Step) refers to app_layer.o(i.App_Line_PID_Update) for App_Line_PID_Update
    main.o(i.Line_Follow_Step) refers to main.o(i.Adaptive_Speed) for Adaptive_Speed
    main.o(i.Line_Follow_Step) refers to app_layer.o(i.App_Line_PID_Compute_Wheels) for App_Line_PID_Compute_Wheels
    main.o(i.Line_Follow_Step) refers to app_layer.o(i.App_Motor_Set_Speed) for App_Motor_Set_Speed
    main.o(i.Line_Follow_Step) refers to app_layer.o(i.App_Motor_Move_Forward) for App_Motor_Move_Forward
    main.o(i.Line_Follow_Step) refers to main.o(.bss) for line_pid
    main.o(i.Obstacle_Avoidance_Step) refers to ip_delay.o(i.Ip_Get_Tick) for Ip_Get_Tick
    main.o(i.Obstacle_Avoidance_Step) refers to app_layer.o(i.App_Hcsr04_Get_Distance) for App_Hcsr04_Get_Distance
    main.o(i.Obstacle_Avoidance_Step) refers to app_layer.o(i.App_Motor_Stop) for App_Motor_Stop
    main.o(i.Obstacle_Avoidance_Step) refers to app_layer.o(i.App_Motor_Set_Speed) for App_Motor_Set_Speed
    main.o(i.Obstacle_Avoidance_Step) refers to app_layer.o(i.App_Motor_Move_Forward) for App_Motor_Move_Forward
    main.o(i.Obstacle_Avoidance_Step) refers to app_layer.o(i.App_Motor_Turn_Right) for App_Motor_Turn_Right
    main.o(i.Obstacle_Avoidance_Step) refers to main.o(.data) for obs_state
    main.o(i.Process_IR_Cmd) refers to app_layer.o(i.App_Motor_Stop) for App_Motor_Stop
    main.o(i.Process_IR_Cmd) refers to noretval__2printf.o(.text) for __2printf
    main.o(i.Process_IR_Cmd) refers to ip_delay.o(i.Ip_Get_Tick) for Ip_Get_Tick
    main.o(i.Process_IR_Cmd) refers to app_layer.o(i.App_Line_PID_Reset) for App_Line_PID_Reset
    main.o(i.Process_IR_Cmd) refers to app_layer.o(i.App_Motor_Set_Speed) for App_Motor_Set_Speed
    main.o(i.Process_IR_Cmd) refers to app_layer.o(i.App_Motor_Move_Forward) for App_Motor_Move_Forward
    main.o(i.Process_IR_Cmd) refers to app_layer.o(i.App_Motor_Move_Backward) for App_Motor_Move_Backward
    main.o(i.Process_IR_Cmd) refers to app_layer.o(i.App_Motor_Turn_Left) for App_Motor_Turn_Left
    main.o(i.Process_IR_Cmd) refers to app_layer.o(i.App_Motor_Turn_Right) for App_Motor_Turn_Right
    main.o(i.Process_IR_Cmd) refers to main.o(.data) for current_mode
    main.o(i.Process_IR_Cmd) refers to main.o(.bss) for line_pid
    main.o(i.main) refers to app_layer.o(i.App_Motor_Init) for App_Motor_Init
    main.o(i.main) refers to app_layer.o(i.App_Line_Sensor_Init) for App_Line_Sensor_Init
    main.o(i.main) refers to app_layer.o(i.App_Hcsr04_Init) for App_Hcsr04_Init
    main.o(i.main) refers to app_layer.o(i.App_Ir_Remote_Init) for App_Ir_Remote_Init
    main.o(i.main) refers to app_layer.o(i.App_Line_PID_Init) for App_Line_PID_Init
    main.o(i.main) refers to ip_motor.o(i.Ip_Motor_Set_Speed) for Ip_Motor_Set_Speed
    main.o(i.main) refers to ip_motor.o(i.Ip_Motor_Move_Forward) for Ip_Motor_Move_Forward
    main.o(i.main) refers to ip_delay.o(i.Ip_Delay_Ms) for Ip_Delay_Ms
    main.o(i.main) refers to ip_motor.o(i.Ip_Motor_Stop) for Ip_Motor_Stop
    main.o(i.main) refers to noretval__2printf.o(.text) for __2printf
    main.o(i.main) refers to app_layer.o(i.App_Ir_Remote_Get_Cmd) for App_Ir_Remote_Get_Cmd
    main.o(i.main) refers to main.o(i.Process_IR_Cmd) for Process_IR_Cmd
    main.o(i.main) refers to main.o(i.Obstacle_Avoidance_Step) for Obstacle_Avoidance_Step
    main.o(i.main) refers to ip_delay.o(i.Ip_Get_Tick) for Ip_Get_Tick
    main.o(i.main) refers to main.o(i.Line_Follow_Step) for Line_Follow_Step
    main.o(i.main) refers to ip_delay.o(.data) for delay
    main.o(i.main) refers to ip_usart.o(.bss) for uart1
    main.o(i.main) refers to main.o(.bss) for line_pid
    main.o(i.main) refers to main.o(.data) for current_mode
    ip_delay.o(i.Delay_Struct_Init) refers to ip_delay.o(i.Ip_Delay_Init) for Ip_Delay_Init
    ip_delay.o(i.Delay_Struct_Init) refers to ip_delay.o(.data) for delay
    ip_delay.o(i.Ip_Delay_Ms) refers to ip_delay.o(i.Ip_Get_Tick) for Ip_Get_Tick
    ip_delay.o(i.Ip_Get_Tick) refers to ip_delay.o(.data) for systick_counter
    ip_delay.o(i.SysTick_Handler) refers to ip_delay.o(.data) for systick_counter
    ip_delay.o(.init_array) refers to ip_delay.o(i.Delay_Struct_Init) for Delay_Struct_Init
    ip_delay.o(.init_array) refers to init_aeabi.o(.text) for __cpp_initialize__aeabi_
    ip_hcsr04.o(i.Ip_Hcsr04_Get_Distance) refers to ip_hcsr04.o(i.Ip_Trig_Pulse) for Ip_Trig_Pulse
    ip_hcsr04.o(i.Ip_Hcsr04_Get_Distance) refers to ip_hcsr04.o(i.Ip_Read_Echo_Pulse) for Ip_Read_Echo_Pulse
    ip_hcsr04.o(i.Ip_Hcsr04_Init) refers to stm32f10x_rcc.o(i.RCC_APB2PeriphClockCmd) for RCC_APB2PeriphClockCmd
    ip_hcsr04.o(i.Ip_Hcsr04_Init) refers to stm32f10x_gpio.o(i.GPIO_Init) for GPIO_Init
[...]
    ../clib/signal.c                         0x00000000   Number         0  defsig_other.o ABSOLUTE
    ../clib/signal.c                         0x00000000   Number         0  defsig_segv_inner.o ABSOLUTE
    ../clib/signal.c                         0x00000000   Number         0  defsig_cppl_inner.o ABSOLUTE
    ../clib/signal.c                         0x00000000   Number         0  defsig_rtmem_formal.o ABSOLUTE
    ../clib/signal.s                         0x00000000   Number         0  defsig.o ABSOLUTE
    ../clib/stdio.c                          0x00000000   Number         0  ferror_locked.o ABSOLUTE
    ../clib/stdio.c                          0x00000000   Number         0  ferror.o ABSOLUTE
    ../clib/stdlib.c                         0x00000000   Number         0  exit.o ABSOLUTE
    ../fplib/faddsub.s                       0x00000000   Number         0  faddsub_clz.o ABSOLUTE
    ../fplib/fcmpi.s                         0x00000000   Number         0  fcmpi.o ABSOLUTE
    ../fplib/ffix.s                          0x00000000   Number         0  ffix.o ABSOLUTE
    ../fplib/fflt.s                          0x00000000   Number         0  fflt_clz.o ABSOLUTE
    ../fplib/fleqf.s                         0x00000000   Number         0  fleqf.o ABSOLUTE
    ../fplib/fmul.s                          0x00000000   Number         0  fmul.o ABSOLUTE
    ../fplib/fnaninf.s                       0x00000000   Number         0  fnaninf.o ABSOLUTE
    ../fplib/fpinit.s                        0x00000000   Number         0  fpinit.o ABSOLUTE
    ../fplib/fretinf.s                       0x00000000   Number         0  fretinf.o ABSOLUTE
    ../fplib/frleqf.s                        0x00000000   Number         0  frleqf.o ABSOLUTE
    ../fplib/usenofp.s                       0x00000000   Number         0  usenofp.o ABSOLUTE
    ..\\lib\\CMSIS\\CM3\\CoreSupport\\core_cm3.c 0x00000000   Number         0  core_cm3.o ABSOLUTE
    ..\lib\CMSIS\CM3\CoreSupport\core_cm3.c  0x00000000   Number         0  core_cm3.o ABSOLUTE
    ..\lib\STM32F10x_StdPeriph_Driver\src\misc.c 0x00000000   Number         0  misc.o ABSOLUTE
    ..\lib\STM32F10x_StdPeriph_Driver\src\stm32f10x_adc.c 0x00000000   Number         0  stm32f10x_adc.o ABSOLUTE
    ..\lib\STM32F10x_StdPeriph_Driver\src\stm32f10x_bkp.c 0x00000000   Number         0  stm32f10x_bkp.o ABSOLUTE
    ..\lib\STM32F10x_StdPeriph_Driver\src\stm32f10x_can.c 0x00000000   Number         0  stm32f10x_can.o ABSOLUTE
    ..\lib\STM32F10x_StdPeriph_Driver\src\stm32f10x_cec.c 0x00000000   Number         0  stm32f10x_cec.o ABSOLUTE
    ..\lib\STM32F10x_StdPeriph_Driver\src\stm32f10x_crc.c 0x00000000   Number         0  stm32f10x_crc.o ABSOLUTE
    ..\lib\STM32F10x_StdPeriph_Driver\src\stm32f10x_dac.c 0x00000000   Number         0  stm32f10x_dac.o ABSOLUTE
    ..\lib\STM32F10x_StdPeriph_Driver\src\stm32f10x_dbgmcu.c 0x00000000   Number         0  stm32f10x_dbgmcu.o ABSOLUTE
    ..\lib\STM32F10x_StdPeriph_Driver\src\stm32f10x_dma.c 0x00000000   Number         0  stm32f10x_dma.o ABSOLUTE
    ..\lib\STM32F10x_StdPeriph_Driver\src\stm32f10x_exti.c 0x00000000   Number         0  stm32f10x_exti.o ABSOLUTE
    ..\lib\STM32F10x_StdPeriph_Driver\src\stm32f10x_flash.c 0x00000000   Number         0  stm32f10x_flash.o ABSOLUTE
    ..\lib\STM32F10x_StdPeriph_Driver\src\stm32f10x_fsmc.c 0x00000000   Number         0  stm32f10x_fsmc.o ABSOLUTE
    ..\lib\STM32F10x_StdPeriph_Driver\src\stm32f10x_gpio.c 0x00000000   Number         0  stm32f10x_gpio.o ABSOLUTE
    ..\lib\STM32F10x_StdPeriph_Driver\src\stm32f10x_i2c.c 0x00000000   Number         0  stm32f10x_i2c.o ABSOLUTE
    ..\lib\STM32F10x_StdPeriph_Driver\src\stm32f10x_iwdg.c 0x00000000   Number         0  stm32f10x_iwdg.o ABSOLUTE
    ..\lib\STM32F10x_StdPeriph_Driver\src\stm32f10x_pwr.c 0x00000000   Number         0  stm32f10x_pwr.o ABSOLUTE
    ..\lib\STM32F10x_StdPeriph_Driver\src\stm32f10x_rcc.c 0x00000000   Number         0  stm32f10x_rcc.o ABSOLUTE
    ..\lib\STM32F10x_StdPeriph_Driver\src\stm32f10x_rtc.c 0x00000000   Number         0  stm32f10x_rtc.o ABSOLUTE
    ..\lib\STM32F10x_StdPeriph_Driver\src\stm32f10x_sdio.c 0x00000000   Number         0  stm32f10x_sdio.o ABSOLUTE
    ..\lib\STM32F10x_StdPeriph_Driver\src\stm32f10x_spi.c 0x00000000   Number         0  stm32f10x_spi.o ABSOLUTE
    ..\lib\STM32F10x_StdPeriph_Driver\src\stm32f10x_tim.c 0x00000000   Number         0  stm32f10x_tim.o ABSOLUTE
    ..\lib\STM32F10x_StdPeriph_Driver\src\stm32f10x_usart.c 0x00000000   Number         0  stm32f10x_usart.o ABSOLUTE
    ..\lib\STM32F10x_StdPeriph_Driver\src\stm32f10x_wwdg.c 0x00000000   Number         0  stm32f10x_wwdg.o ABSOLUTE
    ..\src\APP_Layer\App_Layer.c             0x00000000   Number         0  app_layer.o ABSOLUTE
    ..\src\IP_Layer\Ip_Delay.c               0x00000000   Number         0  ip_delay.o ABSOLUTE
    ..\src\IP_Layer\Ip_Hcsr04.c              0x00000000   Number         0  ip_hcsr04.o ABSOLUTE
    ..\src\IP_Layer\Ip_Ir_Remote.c           0x00000000   Number         0  ip_ir_remote.o ABSOLUTE
    ..\src\IP_Layer\Ip_Line_PID.c            0x00000000   Number         0  ip_line_pid.o ABSOLUTE
    ..\src\IP_Layer\Ip_Line_Sensor.c         0x00000000   Number         0  ip_line_sensor.o ABSOLUTE
    ..\src\IP_Layer\Ip_Motor.c               0x00000000   Number         0  ip_motor.o ABSOLUTE
    ..\src\IP_Layer\Ip_Ring_Buffer.c         0x00000000   Number         0  ip_ring_buffer.o ABSOLUTE
    ..\src\IP_Layer\Ip_Usart.c               0x00000000   Number         0  ip_usart.o ABSOLUTE
    ..\src\Main.c                            0x00000000   Number         0  main.o ABSOLUTE
    ..\src\Mid_Layer\Mid_Layer.c             0x00000000   Number         0  mid_layer.o ABSOLUTE
    RTE/Device/STM32F103C8/startup_stm32f10x_md.s 0x00000000   Number         0  startup_stm32f10x_md.o ABSOLUTE
    RTE/Device/STM32F103C8/system_stm32f10x.c 0x00000000   Number         0  system_stm32f10x.o ABSOLUTE
    dc.s                                     0x00000000   Number         0  dc.o ABSOLUTE
    RESET                                    0x08000000   Section      236  startup_stm32f10x_md.o(RESET)
    !!!main                                  0x080000ec   Section        8  __main.o(!!!main)
    !!!scatter                               0x080000f4   Section       52  __scatter.o(!!!scatter)
    !!handler_copy                           0x08000128   Section       26  __scatter_copy.o(!!handler_copy)
    !!handler_zi                             0x08000144   Section       28  __scatter_zi.o(!!handler_zi)
    .ARM.Collect$$libinit$$00000000          0x08000160   Section        2  libinit.o(.ARM.Collect$$libinit$$00000000)
    .ARM.Collect$$libinit$$00000002          0x08000162   Section        0  libinit2.o(.ARM.Collect$$libinit$$00000002)
    .ARM.Collect$$libinit$$00000004          0x08000162   Section        0  libinit2.o(.ARM.Collect$$libinit$$00000004)
    .ARM.Collect$$libinit$$0000000A          0x08000162   Section        0  libinit2.o(.ARM.Collect$$libinit$$0000000A)
    .ARM.Collect$$libinit$$0000000C          0x08000162   Section        0  libinit2.o(.ARM.Collect$$libinit$$0000000C)
    .ARM.Collect$$libinit$$0000000E          0x08000162   Section        0  libinit2.o(.ARM.Collect$$libinit$$0000000E)
    .ARM.Collect$$libinit$$00000011          0x08000162   Section        0  libinit2.o(.ARM.Collect$$libinit$$00000011)
    .ARM.Collect$$libinit$$00000013          0x08000162   Section        0  libinit2.o(.ARM.Collect$$libinit$$00000013)
    .ARM.Collect$$libinit$$00000015          0x08000162   Section        0  libinit2.o(.ARM.Collect$$libinit$$00000015)
    .ARM.Collect$$libinit$$00000017          0x08000162   Section        0  libinit2.o(.ARM.Collect$$libinit$$00000017)
    .ARM.Collect$$libinit$$00000019          0x08000162   Section        0  libinit2.o(.ARM.Collect$$libinit$$00000019)
    .ARM.Collect$$libinit$$0000001B          0x08000162   Section        0  libinit2.o(.ARM.Collect$$libinit$$0000001B)
    .ARM.Collect$$libinit$$0000001D          0x08000162   Section        0  libinit2.o(.ARM.Collect$$libinit$$0000001D)
    .ARM.Collect$$libinit$$0000001F          0x08000162   Section        0  libinit2.o(.ARM.Collect$$libinit$$0000001F)
    .ARM.Collect$$libinit$$00000021          0x08000162   Section        0  libinit2.o(.ARM.Collect$$libinit$$00000021)
    .ARM.Collect$$libinit$$00000023          0x08000162   Section        0  libinit2.o(.ARM.Collect$$libinit$$00000023)
    .ARM.Collect$$libinit$$00000025          0x08000162   Section        0  libinit2.o(.ARM.Collect$$libinit$$00000025)
    .ARM.Collect$$libinit$$0000002C          0x08000162   Section        0  libinit2.o(.ARM.Collect$$libinit$$0000002C)
    .ARM.Collect$$libinit$$0000002E          0x08000162   Section        0  libinit2.o(.ARM.Collect$$libinit$$0000002E)
    .ARM.Collect$$libinit$$00000030          0x08000162   Section        0  libinit2.o(.ARM.Collect$$libinit$$00000030)
    .ARM.Collect$$libinit$$00000031          0x08000162   Section        4  libinit2.o(.ARM.Collect$$libinit$$00000031)
    .ARM.Collect$$libinit$$00000032          0x08000166   Section        0  libinit2.o(.ARM.Collect$$libinit$$00000032)
    .ARM.Collect$$libinit$$00000033          0x08000166   Section        2  libinit2.o(.ARM.Collect$$libinit$$00000033)
    .ARM.Collect$$libshutdown$$00000000      0x08000168   Section        2  libshutdown.o(.ARM.Collect$$libshutdown$$00000000)
    .ARM.Collect$$libshutdown$$00000002      0x0800016a   Section        0  libshutdown2.o(.ARM.Collect$$libshutdown$$00000002)
    .ARM.Collect$$libshutdown$$00000004      0x0800016a   Section        0  libshutdown2.o(.ARM.Collect$$libshutdown$$00000004)
    .ARM.Collect$$libshutdown$$00000007      0x0800016a   Section        0  libshutdown2.o(.ARM.Collect$$libshutdown$$00000007)
    .ARM.Collect$$libshutdown$$0000000A      0x0800016a   Section        0  libshutdown2.o(.ARM.Collect$$libshutdown$$0000000A)
    .ARM.Collect$$libshutdown$$0000000C      0x0800016a   Section        0  libshutdown2.o(.ARM.Collect$$libshutdown$$0000000C)
    .ARM.Collect$$libshutdown$$0000000F      0x0800016a   Section        0  libshutdown2.o(.ARM.Collect$$libshutdown$$0000000F)
    .ARM.Collect$$libshutdown$$00000010      0x0800016a   Section        2  libshutdown2.o(.ARM.Collect$$libshutdown$$00000010)
    .ARM.Collect$$rtentry$$00000000          0x0800016c   Section        0  __rtentry.o(.ARM.Collect$$rtentry$$00000000)
    .ARM.Collect$$rtentry$$00000002          0x0800016c   Section        0  __rtentry2.o(.ARM.Collect$$rtentry$$00000002)
    .ARM.Collect$$rtentry$$00000004          0x0800016c   Section        6  __rtentry4.o(.ARM.Collect$$rtentry$$00000004)
    .ARM.Collect$$rtentry$$00000009          0x08000172   Section        0  __rtentry2.o(.ARM.Collect$$rtentry$$00000009)
    .ARM.Collect$$rtentry$$0000000A          0x08000172   Section        4  __rtentry2.o(.ARM.Collect$$rtentry$$0000000A)
    .ARM.Collect$$rtentry$$0000000C          0x08000176   Section        0  __rtentry2.o(.ARM.Collect$$rtentry$$0000000C)
    .ARM.Collect$$rtentry$$0000000D          0x08000176   Section        8  __rtentry2.o(.ARM.Collect$$rtentry$$0000000D)
    .ARM.Collect$$rtexit$$00000000           0x0800017e   Section        2  rtexit.o(.ARM.Collect$$rtexit$$00000000)
    .ARM.Collect$$rtexit$$00000002           0x08000180   Section        0  rtexit2.o(.ARM.Collect$$rtexit$$00000002)
    .ARM.Collect$$rtexit$$00000003           0x08000180   Section        4  rtexit2.o(.ARM.Collect$$rtexit$$00000003)
    .ARM.Collect$$rtexit$$00000004           0x08000184   Section        6  rtexit2.o(.ARM.Collect$$rtexit$$00000004)
    .text                                    0x0800018c   Section       64  startup_stm32f10x_md.o(.text)
    .text                                    0x080001cc   Section        0  noretval__2printf.o(.text)
    .text                                    0x080001e4   Section        0  heapauxi.o(.text)
    .text                                    0x080001ec   Section        0  init_aeabi.o(.text)
    .text                                    0x08000210   Section        0  _printf_char_file.o(.text)
    .text                                    0x08000234   Section        0  _printf_char_common.o(.text)
    _printf_input_char                       0x08000235   Thumb Code    10  _printf_char_common.o(.text)
    .text                                    0x08000264   Section        0  ferror.o(.text)
    .text                                    0x0800026c   Section       74  sys_stackheap_outer.o(.text)
    .text                                    0x080002b6   Section        0  __printf_nopercent.o(.text)
    .text                                    0x080002de   Section        0  exit.o(.text)
    .text                                    0x080002f0   Section        8  libspace.o(.text)
    .text                                    0x080002f8   Section        2  use_no_semi.o(.text)
    .text                                    0x080002fa   Section        0  indicate_semi.o(.text)
    .text                                    0x080002fc   Section        0  sys_exit.o(.text)
    i.Adaptive_Speed                         0x08000308   Section        0  main.o(i.Adaptive_Speed)
    Adaptive_Speed                           0x08000309   Thumb Code    42  main.o(i.Adaptive_Speed)
    i.App_Hcsr04_Get_Distance                0x08000332   Section        0  app_layer.o(i.App_Hcsr04_Get_Distance)
    i.App_Hcsr04_Init                        0x0800033a   Section        0  app_layer.o(i.App_Hcsr04_Init)
    i.App_Ir_Remote_Get_Cmd                  0x08000342   Section        0  app_layer.o(i.App_Ir_Remote_Get_Cmd)
    i.App_Ir_Remote_Init                     0x0800034a   Section        0  app_layer.o(i.App_Ir_Remote_Init)
    i.App_Line_PID_Compute_Wheels            0x08000352   Section        0  app_layer.o(i.App_Line_PID_Compute_Wheels)
    i.App_Line_PID_Init                      0x0800036e   Section        0  app_layer.o(i.App_Line_PID_Init)
    i.App_Line_PID_Reset                     0x08000392   Section        0  app_layer.o(i.App_Line_PID_Reset)
    i.App_Line_PID_Update                    0x0800039e   Section        0  app_layer.o(i.App_Line_PID_Update)
    i.App_Line_Sensor_Init                   0x080003ae   Section        0  app_layer.o(i.App_Line_Sensor_Init)
    i.App_Line_Sensor_Read                   0x080003b6   Section        0  app_layer.o(i.App_Line_Sensor_Read)
    i.App_Motor_Init                         0x080003c2   Section        0  app_layer.o(i.App_Motor_Init)
    i.App_Motor_Move_Backward                0x080003ca   Section        0  app_layer.o(i.App_Motor_Move_Backward)
    i.App_Motor_Move_Forward                 0x080003d2   Section        0  app_layer.o(i.App_Motor_Move_Forward)
    i.App_Motor_Set_Speed                    0x080003da   Section        0  app_layer.o(i.App_Motor_Set_Speed)
    i.App_Motor_Stop                         0x080003ea   Section        0  app_layer.o(i.App_Motor_Stop)
    i.App_Motor_Turn_Left                    0x080003f2   Section        0  app_layer.o(i.App_Motor_Turn_Left)
    i.App_Motor_Turn_Right                   0x080003fa   Section        0  app_layer.o(i.App_Motor_Turn_Right)
    i.Clamp_Float                            0x08000402   Section        0  ip_line_pid.o(i.Clamp_Float)
    Clamp_Float                              0x08000403   Thumb Code    44  ip_line_pid.o(i.Clamp_Float)
    i.DMA_Cmd                                0x0800042e   Section        0  stm32f10x_dma.o(i.DMA_Cmd)
    i.DMA_DeInit                             0x08000448   Section        0  stm32f10x_dma.o(i.DMA_DeInit)
    i.DMA_GetCurrDataCounter                 0x08000594   Section        0  stm32f10x_dma.o(i.DMA_GetCurrDataCounter)
    i.DMA_Init                               0x0800059c   Section        0  stm32f10x_dma.o(i.DMA_Init)
    i.Decode_Position_2ch                    0x080005d8   Section        0  ip_line_sensor.o(i.Decode_Position_2ch)
    Decode_Position_2ch                      0x080005d9   Thumb Code    52  ip_line_sensor.o(i.Decode_Position_2ch)
    i.Delay_Struct_Init                      0x0800060c   Section        0  ip_delay.o(i.Delay_Struct_Init)
    i.EXTI0_IRQHandler                       0x0800061c   Section        0  ip_ir_remote.o(i.EXTI0_IRQHandler)
    i.GPIO_Init                              0x0800061e   Section        0  stm32f10x_gpio.o(i.GPIO_Init)
    i.GPIO_ReadInputDataBit                  0x08000734   Section        0  stm32f10x_gpio.o(i.GPIO_ReadInputDataBit)
    i.GPIO_ResetBits                         0x08000746   Section        0  stm32f10x_gpio.o(i.GPIO_ResetBits)
    i.GPIO_SetBits                           0x0800074a   Section        0  stm32f10x_gpio.o(i.GPIO_SetBits)
    i.Gpio_Config                            0x08000750   Section        0  ip_ir_remote.o(i.Gpio_Config)
    Gpio_Config                              0x08000751   Thumb Code    32  ip_ir_remote.o(i.Gpio_Config)
    i.Ip_Delay_Init                          0x08000774   Section        0  ip_delay.o(i.Ip_Delay_Init)
    i.Ip_Delay_Ms                            0x08000794   Section        0  ip_delay.o(i.Ip_Delay_Ms)
    i.Ip_Delay_Us                            0x080007ac   Section        0  ip_delay.o(i.Ip_Delay_Us)
    i.Ip_Get_Tick                            0x080007e8   Section        0  ip_delay.o(i.Ip_Get_Tick)
    i.Ip_Hcsr04_Get_Distance                 0x080007f8   Section        0  ip_hcsr04.o(i.Ip_Hcsr04_Get_Distance)
    i.Ip_Hcsr04_Init                         0x0800082c   Section        0  ip_hcsr04.o(i.Ip_Hcsr04_Init)
    i.Ip_Ir_Remote_Get_Cmd                   0x080008cc   Section        0  ip_ir_remote.o(i.Ip_Ir_Remote_Get_Cmd)
    i.Ip_Ir_Remote_Init                      0x08000a30   Section        0  ip_ir_remote.o(i.Ip_Ir_Remote_Init)
    i.Ip_Line_PID_Compute_Wheels             0x08000a5c   Section        0  ip_line_pid.o(i.Ip_Line_PID_Compute_Wheels)
    i.Ip_Line_PID_Init                       0x08000a90   Section        0  ip_line_pid.o(i.Ip_Line_PID_Init)
    i.Ip_Line_PID_Reset                      0x08000aa8   Section        0  ip_line_pid.o(i.Ip_Line_PID_Reset)
    i.Ip_Line_PID_Update                     0x08000ab0   Section        0  ip_line_pid.o(i.Ip_Line_PID_Update)
    i.Ip_Line_Sensor_Init                    0x08000b4c   Section        0  ip_line_sensor.o(i.Ip_Line_Sensor_Init)
    i.Ip_Line_Sensor_Read                    0x08000b80   Section        0  ip_line_sensor.o(i.Ip_Line_Sensor_Read)
    i.Ip_Motor_Init                          0x08000c08   Section        0  ip_motor.o(i.Ip_Motor_Init)
    i.Ip_Motor_Move_Backward                 0x08000cd4   Section        0  ip_motor.o(i.Ip_Motor_Move_Backward)
    i.Ip_Motor_Move_Forward                  0x08000d04   Section        0  ip_motor.o(i.Ip_Motor_Move_Forward)
    i.Ip_Motor_Set_Speed                     0x08000d34   Section        0  ip_motor.o(i.Ip_Motor_Set_Speed)
    i.Ip_Motor_Stop                          0x08000d58   Section        0  ip_motor.o(i.Ip_Motor_Stop)
    i.Ip_Motor_Turn_Left                     0x08000d6c   Section        0  ip_motor.o(i.Ip_Motor_Turn_Left)
    i.Ip_Motor_Turn_Right                    0x08000d9c   Section        0  ip_motor.o(i.Ip_Motor_Turn_Right)
    i.Ip_Read_Echo_Pulse                     0x08000dcc   Section        0  ip_hcsr04.o(i.Ip_Read_Echo_Pulse)
    i.Ip_Ring_Buffer_Empty                   0x08000e50   Section        0  ip_ring_buffer.o(i.Ip_Ring_Buffer_Empty)
    i.Ip_Ring_Buffer_Full                    0x08000e62   Section        0  ip_ring_buffer.o(i.Ip_Ring_Buffer_Full)
    i.Ip_Ring_Buffer_Get                     0x08000e80   Section        0  ip_ring_buffer.o(i.Ip_Ring_Buffer_Get)
    i.Ip_Ring_Buffer_Put                     0x08000e9c   Section        0  ip_ring_buffer.o(i.Ip_Ring_Buffer_Put)
    i.Ip_Trig_Pulse                          0x08000eb8   Section        0  ip_hcsr04.o(i.Ip_Trig_Pulse)
    i.Ip_Uart1_Init                          0x08000ee4   Section        0  ip_usart.o(i.Ip_Uart1_Init)
    i.Ip_Uart1_Send_Char                     0x08000ef8   Section        0  ip_usart.o(i.Ip_Uart1_Send_Char)
    i.Ip_Uart1_Send_String                   0x08000f0c   Section        0  ip_usart.o(i.Ip_Uart1_Send_String)
    i.Ip_Uart2_Init                          0x08000f20   Section        0  ip_usart.o(i.Ip_Uart2_Init)
    i.Ip_Uart2_Send_Char                     0x08000f34   Section        0  ip_usart.o(i.Ip_Uart2_Send_Char)
    i.Ip_Uart2_Send_String                   0x08000f48   Section        0  ip_usart.o(i.Ip_Uart2_Send_String)
    i.Ip_Uart3_Init                          0x08000f5c   Section        0  ip_usart.o(i.Ip_Uart3_Init)
    i.Ip_Uart3_Send_Char                     0x08000f70   Section        0  ip_usart.o(i.Ip_Uart3_Send_Char)
    i.Ip_Uart3_Send_String                   0x08000f84   Section        0  ip_usart.o(i.Ip_Uart3_Send_String)
    i.Ip_Uart_Init                           0x08000f98   Section        0  ip_usart.o(i.Ip_Uart_Init)
    i.Ip_Uart_Send_Char                      0x080010c8   Section        0  ip_usart.o(i.Ip_Uart_Send_Char)
    i.Ip_Uart_Send_String                    0x080010d8   Section        0  ip_usart.o(i.Ip_Uart_Send_String)
    i.Ir_Dma_Config                          0x080010f4   Section        0  ip_ir_remote.o(i.Ir_Dma_Config)
    Ir_Dma_Config                            0x080010f5   Thumb Code    82  ip_ir_remote.o(i.Ir_Dma_Config)
    i.Line_Follow_Step                       0x08001154   Section        0  main.o(i.Line_Follow_Step)
    Line_Follow_Step                         0x08001155   Thumb Code    90  main.o(i.Line_Follow_Step)
    i.Mid_Hcsr04_Get_Distance                0x080011b4   Section        0  mid_layer.o(i.Mid_Hcsr04_Get_Distance)
    i.Mid_Hcsr04_Init                        0x080011bc   Section        0  mid_layer.o(i.Mid_Hcsr04_Init)
    i.Mid_Ir_Remote_Get_Cmd                  0x080011c4   Section        0  mid_layer.o(i.Mid_Ir_Remote_Get_Cmd)
    i.Mid_Ir_Remote_Init                     0x080011cc   Section        0  mid_layer.o(i.Mid_Ir_Remote_Init)
    i.Mid_Line_PID_Compute_Wheels            0x080011d4   Section        0  mid_layer.o(i.Mid_Line_PID_Compute_Wheels)
    i.Mid_Line_PID_Init                      0x080011f0   Section        0  mid_layer.o(i.Mid_Line_PID_Init)
    i.Mid_Line_PID_Reset                     0x08001214   Section        0  mid_layer.o(i.Mid_Line_PID_Reset)
    i.Mid_Line_PID_Update                    0x08001220   Section        0  mid_layer.o(i.Mid_Line_PID_Update)
    i.Mid_Line_Sensor_Init                   0x08001230   Section        0  mid_layer.o(i.Mid_Line_Sensor_Init)
    i.Mid_Line_Sensor_Read                   0x08001238   Section        0  mid_layer.o(i.Mid_Line_Sensor_Read)
    i.Mid_Motor_Init                         0x08001244   Section        0  mid_layer.o(i.Mid_Motor_Init)
    i.Mid_Motor_Move_Backward                0x0800124c   Section        0  mid_layer.o(i.Mid_Motor_Move_Backward)
    i.Mid_Motor_Move_Forward                 0x08001254   Section        0  mid_layer.o(i.Mid_Motor_Move_Forward)
    i.Mid_Motor_Set_Speed                    0x0800125c   Section        0  mid_layer.o(i.Mid_Motor_Set_Speed)
    i.Mid_Motor_Stop                         0x0800126c   Section        0  mid_layer.o(i.Mid_Motor_Stop)
    i.Mid_Motor_Turn_Left                    0x08001274   Section        0  mid_layer.o(i.Mid_Motor_Turn_Left)
    i.Mid_Motor_Turn_Right                   0x0800127c   Section        0  mid_layer.o(i.Mid_Motor_Turn_Right)
    i.Obstacle_Avoidance_Step                0x08001284   Section        0  main.o(i.Obstacle_Avoidance_Step)
    Obstacle_Avoidance_Step                  0x08001285   Thumb Code   178  main.o(i.Obstacle_Avoidance_Step)
    i.Process_IR_Cmd                         0x08001340   Section        0  main.o(i.Process_IR_Cmd)
    Process_IR_Cmd                           0x08001341   Thumb Code   236  main.o(i.Process_IR_Cmd)
    i.RCC_AHBPeriphClockCmd                  0x080014f0   Section        0  stm32f10x_rcc.o(i.RCC_AHBPeriphClockCmd)
    i.RCC_APB1PeriphClockCmd                 0x08001510   Section        0  stm32f10x_rcc.o(i.RCC_APB1PeriphClockCmd)
    i.RCC_APB2PeriphClockCmd                 0x08001530   Section        0  stm32f10x_rcc.o(i.RCC_APB2PeriphClockCmd)
    i.SetSysClock                            0x08001550   Section        0  system_stm32f10x.o(i.SetSysClock)
    SetSysClock                              0x08001551   Thumb Code     8  system_stm32f10x.o(i.SetSysClock)
    i.SetSysClockTo72                        0x08001558   Section        0  system_stm32f10x.o(i.SetSysClockTo72)
    SetSysClockTo72                          0x08001559   Thumb Code   214  system_stm32f10x.o(i.SetSysClockTo72)
    i.SysTick_Handler                        0x08001638   Section        0  ip_delay.o(i.SysTick_Handler)
    i.SystemInit                             0x08001648   Section        0  system_stm32f10x.o(i.SystemInit)
    i.TI1_Config                             0x080016a8   Section        0  stm32f10x_tim.o(i.TI1_Config)
    TI1_Config                               0x080016a9   Thumb Code   108  stm32f10x_tim.o(i.TI1_Config)
    i.TI2_Config                             0x08001728   Section        0  stm32f10x_tim.o(i.TI2_Config)
    TI2_Config                               0x08001729   Thumb Code   130  stm32f10x_tim.o(i.TI2_Config)
    i.TI3_Config                             0x080017c0   Section        0  stm32f10x_tim.o(i.TI3_Config)
    TI3_Config                               0x080017c1   Thumb Code   122  stm32f10x_tim.o(i.TI3_Config)
    i.TI4_Config                             0x08001850   Section        0  stm32f10x_tim.o(i.TI4_Config)
    TI4_Config                               0x08001851   Thumb Code   130  stm32f10x_tim.o(i.TI4_Config)
    i.TIM2_IRQHandler                        0x080018e8   Section        0  ip_ir_remote.o(i.TIM2_IRQHandler)
    i.TIM_ARRPreloadConfig                   0x080018ea   Section        0  stm32f10x_tim.o(i.TIM_ARRPreloadConfig)
    i.TIM_Cmd                                0x08001902   Section        0  stm32f10x_tim.o(i.TIM_Cmd)
    i.TIM_DMACmd                             0x0800191a   Section        0  stm32f10x_tim.o(i.TIM_DMACmd)
    i.TIM_ICInit                             0x0800192c   Section        0  stm32f10x_tim.o(i.TIM_ICInit)
    i.TIM_OC1Init                            0x080019d8   Section        0  stm32f10x_tim.o(i.TIM_OC1Init)
    i.TIM_OC1PreloadConfig                   0x08001a70   Section        0  stm32f10x_tim.o(i.TIM_OC1PreloadConfig)
    i.TIM_OC2Init                            0x08001a84   Section        0  stm32f10x_tim.o(i.TIM_OC2Init)
    i.TIM_OC2PreloadConfig                   0x08001b28   Section        0  stm32f10x_tim.o(i.TIM_OC2PreloadConfig)
    i.TIM_SelectInputTrigger                 0x08001b42   Section        0  stm32f10x_tim.o(i.TIM_SelectInputTrigger)
    i.TIM_SelectSlaveMode                    0x08001b54   Section        0  stm32f10x_tim.o(i.TIM_SelectSlaveMode)
    i.TIM_SetIC1Prescaler                    0x08001b66   Section        0  stm32f10x_tim.o(i.TIM_SetIC1Prescaler)
    i.TIM_SetIC2Prescaler                    0x08001b78   Section        0  stm32f10x_tim.o(i.TIM_SetIC2Prescaler)
    i.TIM_SetIC3Prescaler                    0x08001b92   Section        0  stm32f10x_tim.o(i.TIM_SetIC3Prescaler)
    i.TIM_SetIC4Prescaler                    0x08001ba4   Section        0  stm32f10x_tim.o(i.TIM_SetIC4Prescaler)
    i.TIM_TimeBaseInit                       0x08001bc0   Section        0  stm32f10x_tim.o(i.TIM_TimeBaseInit)
    i.Tim2_Config                            0x08001c64   Section        0  ip_ir_remote.o(i.Tim2_Config)
    Tim2_Config                              0x08001c65   Thumb Code   124  ip_ir_remote.o(i.Tim2_Config)
    i.Uart_Struct_Init                       0x08001ce0   Section        0  ip_usart.o(i.Uart_Struct_Init)
    i.Wait_Capture                           0x08001d3c   Section        0  ip_hcsr04.o(i.Wait_Capture)
    Wait_Capture                             0x08001d3d   Thumb Code    30  ip_hcsr04.o(i.Wait_Capture)
    i.fputc                                  0x08001d60   Section        0  ip_usart.o(i.fputc)
    i.main                                   0x08001d84   Section        0  main.o(i.main)
    x$fpl$fadd                               0x08001e54   Section      196  faddsub_clz.o(x$fpl$fadd)
    _fadd1                                   0x08001e63   Thumb Code     0  faddsub_clz.o(x$fpl$fadd)
    x$fpl$fcmpinf                            0x08001f18   Section       24  fcmpi.o(x$fpl$fcmpinf)
    x$fpl$ffix                               0x08001f30   Section       54  ffix.o(x$fpl$ffix)
    x$fpl$fflt                               0x08001f68   Section       48  fflt_clz.o(x$fpl$fflt)
    x$fpl$fleqf                              0x08001f98   Section      104  fleqf.o(x$fpl$fleqf)
    x$fpl$fmul                               0x08002000   Section      258  fmul.o(x$fpl$fmul)
    x$fpl$fnaninf                            0x08002102   Section      140  fnaninf.o(x$fpl$fnaninf)
    x$fpl$fretinf                            0x0800218e   Section       10  fretinf.o(x$fpl$fretinf)
    x$fpl$frleqf                             0x08002198   Section       98  frleqf.o(x$fpl$frleqf)
    x$fpl$fsub                               0x080021fc   Section      234  faddsub_clz.o(x$fpl$fsub)
    _fsub1                                   0x0800220b   Thumb Code     0  faddsub_clz.o(x$fpl$fsub)
    .constdata                               0x080022e6   Section        4  ip_line_sensor.o(.constdata)
    x$fpl$usenofp                            0x080022e6   Section        0  usenofp.o(x$fpl$usenofp)
    s_sensor_pins                            0x080022e6   Data           4  ip_line_sensor.o(.constdata)
    .init_array                              0x0800230c   Section        4  ip_delay.o(.init_array)
    .init_array                              0x08002310   Section        4  ip_usart.o(.init_array)
    .init_array                              0x08002314   Section        0  init_aeabi.o(.init_array)
    .data                                    0x20000000   Section        8  main.o(.data)
    current_mode                             0x20000000   Data           1  main.o(.data)
    obs_state                                0x20000001   Data           1  main.o(.data)
    obs_timer                                0x20000004   Data           4  main.o(.data)
    .data                                    0x20000008   Section        8  ip_delay.o(.data)
    systick_counter                          0x2000000c   Data           4  ip_delay.o(.data)
    .data                                    0x20000010   Section       24  ip_ir_remote.o(.data)
    ir_cmd_buffer                            0x20000019   Data           7  ip_ir_remote.o(.data)
    ir_msg                                   0x20000020   Data           4  ip_ir_remote.o(.data)
    dma_rd_idx                               0x20000024   Data           2  ip_ir_remote.o(.data)
    pulse_count                              0x20000026   Data           2  ip_ir_remote.o(.data)
    .data                                    0x20000028   Section        1  ip_line_sensor.o(.data)
    s_last_position                          0x20000028   Data           1  ip_line_sensor.o(.data)
    .data                                    0x2000002c   Section        4  ip_usart.o(.data)
    .data                                    0x20000030   Section       20  system_stm32f10x.o(.data)
    .bss                                     0x20000044   Section       28  main.o(.bss)
    line_pid                                 0x20000044   Data          28  main.o(.bss)
    .bss                                     0x20000060   Section      138  ip_ir_remote.o(.bss)
    buffer                                   0x20000060   Data          10  ip_ir_remote.o(.bss)
    dma_buf                                  0x2000006a   Data         128  ip_ir_remote.o(.bss)
    .bss                                     0x20000100   Section       76  ip_usart.o(.bss)
    .bss                                     0x2000014c   Section       96  libspace.o(.bss)
    HEAP                                     0x200001b0   Section      512  startup_stm32f10x_md.o(HEAP)
    Heap_Mem                                 0x200001b0   Data         512  startup_stm32f10x_md.o(HEAP)
    STACK                                    0x200003b0   Section     1024  startup_stm32f10x_md.o(STACK)
    Stack_Mem                                0x200003b0   Data        1024  startup_stm32f10x_md.o(STACK)
    __initial_sp                             0x200007b0   Data           0  startup_stm32f10x_md.o(STACK)

    Global Symbols

    Symbol Name                              Value     Ov Type        Size  Object(Section)

    BuildAttributes$$THM_ISAv4$P$D$K$B$S$PE$A:L22UL41UL21$X:L11$S22US41US21$IEEE1$IW$USESV6$~STKCKD$USESV7$~SHL$OSPACE$ROPI$EBA8$UX$STANDARDLIB$REQ8$PRES8$EABIv2 0x00000000   Number         0  anon$$obj.o ABSOLUTE
    __ARM_use_no_argv                        0x00000000   Number         0  main.o ABSOLUTE
    __ARM_exceptions_init                     - Undefined Weak Reference
    __alloca_initialize                       - Undefined Weak Reference
    __arm_preinit_                            - Undefined Weak Reference
    __cxa_finalize                            - Undefined Weak Reference
    __rt_locale                               - Undefined Weak Reference
    __sigvec_lookup                           - Undefined Weak Reference
    _atexit_init                              - Undefined Weak Reference
    _call_atexit_fns                          - Undefined Weak Reference
    _clock_init                               - Undefined Weak Reference
    _fp_trap_init                             - Undefined Weak Reference
    _fp_trap_shutdown                         - Undefined Weak Reference
    _get_lc_collate                           - Undefined Weak Reference
    _get_lc_ctype                             - Undefined Weak Reference
    _get_lc_monetary                          - Undefined Weak Reference
    _get_lc_numeric                           - Undefined Weak Reference
    _get_lc_time                              - Undefined Weak Reference
    _getenv_init                              - Undefined Weak Reference
    _handle_redirection                       - Undefined Weak Reference
    _init_alloc                               - Undefined Weak Reference
    _init_user_alloc                          - Undefined Weak Reference
    _initio                                   - Undefined Weak Reference
    _mutex_acquire                            - Undefined Weak Reference
    _mutex_release                            - Undefined Weak Reference
    _rand_init                                - Undefined Weak Reference
    _signal_finish                            - Undefined Weak Reference
    _signal_init                              - Undefined Weak Reference
    _terminate_alloc                          - Undefined Weak Reference
    _terminate_user_alloc                     - Undefined Weak Reference
    _terminateio                              - Undefined Weak Reference
    __Vectors_Size                           0x000000ec   Number         0  startup_stm32f10x_md.o ABSOLUTE
    __Vectors                                0x08000000   Data           4  startup_stm32f10x_md.o(RESET)
    __Vectors_End                            0x080000ec   Data           0  startup_stm32f10x_md.o(RESET)
    __main                                   0x080000ed   Thumb Code     8  __main.o(!!!main)
    __scatterload                            0x080000f5   Thumb Code     0  __scatter.o(!!!scatter)
    __scatterload_rt2                        0x080000f5   Thumb Code    44  __scatter.o(!!!scatter)
    __scatterload_rt2_thumb_only             0x080000f5   Thumb Code     0  __scatter.o(!!!scatter)
    __scatterload_null                       0x08000103   Thumb Code     0  __scatter.o(!!!scatter)
    __scatterload_copy                       0x08000129   Thumb Code    26  __scatter_copy.o(!!handler_copy)
    __scatterload_zeroinit                   0x08000145   Thumb Code    28  __scatter_zi.o(!!handler_zi)
    __rt_lib_init                            0x08000161   Thumb Code     0  libinit.o(.ARM.Collect$$libinit$$00000000)
    __rt_lib_init_alloca_1                   0x08000163   Thumb Code     0  libinit2.o(.ARM.Collect$$libinit$$0000002E)
    __rt_lib_init_argv_1                     0x08000163   Thumb Code     0  libinit2.o(.ARM.Collect$$libinit$$0000002C)
    __rt_lib_init_atexit_1                   0x08000163   Thumb Code     0  libinit2.o(.ARM.Collect$$libinit$$0000001B)
    __rt_lib_init_clock_1                    0x08000163   Thumb Code     0  libinit2.o(.ARM.Collect$$libinit$$00000021)
    __rt_lib_init_cpp_2                      0x08000163   Thumb Code     0  libinit2.o(.ARM.Collect$$libinit$$00000031)
    __rt_lib_init_exceptions_1               0x08000163   Thumb Code     0  libinit2.o(.ARM.Collect$$libinit$$00000030)
    __rt_lib_init_fp_1                       0x08000163   Thumb Code     0  libinit2.o(.ARM.Collect$$libinit$$00000002)
    __rt_lib_init_fp_trap_1                  0x08000163   Thumb Code     0  libinit2.o(.ARM.Collect$$libinit$$0000001F)
    __rt_lib_init_getenv_1                   0x08000163   Thumb Code     0  libinit2.o(.ARM.Collect$$libinit$$00000023)
    __rt_lib_init_heap_1                     0x08000163   Thumb Code     0  libinit2.o(.ARM.Collect$$libinit$$0000000A)
    __rt_lib_init_lc_collate_1               0x08000163   Thumb Code     0  libinit2.o(.ARM.Collect$$libinit$$00000011)
    __rt_lib_init_lc_ctype_1                 0x08000163   Thumb Code     0  libinit2.o(.ARM.Collect$$libinit$$00000013)
    __rt_lib_init_lc_monetary_1              0x08000163   Thumb Code     0  libinit2.o(.ARM.Collect$$libinit$$00000015)
    __rt_lib_init_lc_numeric_1               0x08000163   Thumb Code     0  libinit2.o(.ARM.Collect$$libinit$$00000017)
    __rt_lib_init_lc_time_1                  0x08000163   Thumb Code     0  libinit2.o(.ARM.Collect$$libinit$$00000019)
    __rt_lib_init_preinit_1                  0x08000163   Thumb Code     0  libinit2.o(.ARM.Collect$$libinit$$00000004)
    __rt_lib_init_rand_1                     0x08000163   Thumb Code     0  libinit2.o(.ARM.Collect$$libinit$$0000000E)
    __rt_lib_init_signal_1                   0x08000163   Thumb Code     0  libinit2.o(.ARM.Collect$$libinit$$0000001D)
    __rt_lib_init_stdio_1                    0x08000163   Thumb Code     0  libinit2.o(.ARM.Collect$$libinit$$00000025)
    __rt_lib_init_user_alloc_1               0x08000163   Thumb Code     0  libinit2.o(.ARM.Collect$$libinit$$0000000C)
    __rt_lib_init_cpp_1                      0x08000167   Thumb Code     0  libinit2.o(.ARM.Collect$$libinit$$00000032)
    __rt_lib_init_return                     0x08000167   Thumb Code     0  libinit2.o(.ARM.Collect$$libinit$$00000033)
    __rt_lib_shutdown                        0x08000169   Thumb Code     0  libshutdown.o(.ARM.Collect$$libshutdown$$00000000)
    __rt_lib_shutdown_cpp_1                  0x0800016b   Thumb Code     0  libshutdown2.o(.ARM.Collect$$libshutdown$$00000002)
    __rt_lib_shutdown_fp_trap_1              0x0800016b   Thumb Code     0  libshutdown2.o(.ARM.Collect$$libshutdown$$00000007)
    __rt_lib_shutdown_heap_1                 0x0800016b   Thumb Code     0  libshutdown2.o(.ARM.Collect$$libshutdown$$0000000F)
    __rt_lib_shutdown_return                 0x0800016b   Thumb Code     0  libshutdown2.o(.ARM.Collect$$libshutdown$$00000010)
    __rt_lib_shutdown_signal_1               0x0800016b   Thumb Code     0  libshutdown2.o(.ARM.Collect$$libshutdown$$0000000A)
    __rt_lib_shutdown_stdio_1                0x0800016b   Thumb Code     0  libshutdown2.o(.ARM.Collect$$libshutdown$$00000004)
    __rt_lib_shutdown_user_alloc_1           0x0800016b   Thumb Code     0  libshutdown2.o(.ARM.Collect$$libshutdown$$0000000C)
    __rt_entry                               0x0800016d   Thumb Code     0  __rtentry.o(.ARM.Collect$$rtentry$$00000000)
    __rt_entry_presh_1                       0x0800016d   Thumb Code     0  __rtentry2.o(.ARM.Collect$$rtentry$$00000002)
    __rt_entry_sh                            0x0800016d   Thumb Code     0  __rtentry4.o(.ARM.Collect$$rtentry$$00000004)
    __rt_entry_li                            0x08000173   Thumb Code     0  __rtentry2.o(.ARM.Collect$$rtentry$$0000000A)
    __rt_entry_postsh_1                      0x08000173   Thumb Code     0  __rtentry2.o(.ARM.Collect$$rtentry$$00000009)
    __rt_entry_main                          0x08000177   Thumb Code     0  __rtentry2.o(.ARM.Collect$$rtentry$$0000000D)
    __rt_entry_postli_1                      0x08000177   Thumb Code     0  __rtentry2.o(.ARM.Collect$$rtentry$$0000000C)
    __rt_exit                                0x0800017f   Thumb Code     0  rtexit.o(.ARM.Collect$$rtexit$$00000000)
    __rt_exit_ls                             0x08000181   Thumb Code     0  rtexit2.o(.ARM.Collect$$rtexit$$00000003)
    __rt_exit_prels_1                        0x08000181   Thumb Code     0  rtexit2.o(.ARM.Collect$$rtexit$$00000002)
    __rt_exit_exit                           0x08000185   Thumb Code     0  rtexit2.o(.ARM.Collect$$rtexit$$00000004)
    Reset_Handler                            0x0800018d   Thumb Code     8  startup_stm32f10x_md.o(.text)
    NMI_Handler                              0x08000195   Thumb Code     2  startup_stm32f10x_md.o(.text)
    HardFault_Handler                        0x08000197   Thumb Code     2  startup_stm32f10x_md.o(.text)
    MemManage_Handler                        0x08000199   Thumb Code     2  startup_stm32f10x_md.o(.text)
    BusFault_Handler                         0x0800019b   Thumb Code     2  startup_stm32f10x_md.o(.text)
    UsageFault_Handler                       0x0800019d   Thumb Code     2  startup_stm32f10x_md.o(.text)
    SVC_Handler                              0x0800019f   Thumb Code     2  startup_stm32f10x_md.o(.text)
    DebugMon_Handler                         0x080001a1   Thumb Code     2  startup_stm32f10x_md.o(.text)
    PendSV_Handler                           0x080001a3   Thumb Code     2  startup_stm32f10x_md.o(.text)
    ADC1_2_IRQHandler                        0x080001a7   Thumb Code     0  startup_stm32f10x_md.o(.text)
    CAN1_RX1_IRQHandler                      0x080001a7   Thumb Code     0  startup_stm32f10x_md.o(.text)
    CAN1_SCE_IRQHandler                      0x080001a7   Thumb Code     0  startup_stm32f10x_md.o(.text)
    DMA1_Channel1_IRQHandler                 0x080001a7   Thumb Code     0  startup_stm32f10x_md.o(.text)
    DMA1_Channel2_IRQHandler                 0x080001a7   Thumb Code     0  startup_stm32f10x_md.o(.text)
    DMA1_Channel3_IRQHandler                 0x080001a7   Thumb Code     0  startup_stm32f10x_md.o(.text)
    DMA1_Channel4_IRQHandler                 0x080001a7   Thumb Code     0  startup_stm32f10x_md.o(.text)
    DMA1_Channel5_IRQHandler                 0x080001a7   Thumb Code     0  startup_stm32f10x_md.o(.text)
    DMA1_Channel6_IRQHandler                 0x080001a7   Thumb Code     0  startup_stm32f10x_md.o(.text)
    DMA1_Channel7_IRQHandler                 0x080001a7   Thumb Code     0  startup_stm32f10x_md.o(.text)
    EXTI15_10_IRQHandler                     0x080001a7   Thumb Code     0  startup_stm32f10x_md.o(.text)
    EXTI1_IRQHandler                         0x080001a7   Thumb Code     0  startup_stm32f10x_md.o(.text)
    EXTI2_IRQHandler                         0x080001a7   Thumb Code     0  startup_stm32f10x_md.o(.text)
    EXTI3_IRQHandler                         0x080001a7   Thumb Code     0  startup_stm32f10x_md.o(.text)
    EXTI4_IRQHandler                         0x080001a7   Thumb Code     0  startup_stm32f10x_md.o(.text)
    EXTI9_5_IRQHandler                       0x080001a7   Thumb Code     0  startup_stm32f10x_md.o(.text)
    FLASH_IRQHandler                         0x080001a7   Thumb Code     0  startup_stm32f10x_md.o(.text)
    I2C1_ER_IRQHandler                       0x080001a7   Thumb Code     0  startup_stm32f10x_md.o(.text)
    I2C1_EV_IRQHandler                       0x080001a7   Thumb Code     0  startup_stm32f10x_md.o(.text)
    I2C2_ER_IRQHandler                       0x080001a7   Thumb Code     0  startup_stm32f10x_md.o(.text)
    I2C2_EV_IRQHandler                       0x080001a7   Thumb Code     0  startup_stm32f10x_md.o(.text)
    PVD_IRQHandler                           0x080001a7   Thumb Code     0  startup_stm32f10x_md.o(.text)
    RCC_IRQHandler                           0x080001a7   Thumb Code     0  startup_stm32f10x_md.o(.text)
    RTCAlarm_IRQHandler                      0x080001a7   Thumb Code     0  startup_stm32f10x_md.o(.text)
    RTC_IRQHandler                           0x080001a7   Thumb Code     0  startup_stm32f10x_md.o(.text)
    SPI1_IRQHandler                          0x080001a7   Thumb Code     0  startup_stm32f10x_md.o(.text)
    SPI2_IRQHandler                          0x080001a7   Thumb Code     0  startup_stm32f10x_md.o(.text)
    TAMPER_IRQHandler                        0x080001a7   Thumb Code     0  startup_stm32f10x_md.o(.text)
    TIM1_BRK_IRQHandler                      0x080001a7   Thumb Code     0  startup_stm32f10x_md.o(.text)
    TIM1_CC_IRQHandler                       0x080001a7   Thumb Code     0  startup_stm32f10x_md.o(.text)
    TIM1_TRG_COM_IRQHandler                  0x080001a7   Thumb Code     0  startup_stm32f10x_md.o(.text)
    TIM1_UP_IRQHandler                       0x080001a7   Thumb Code     0  startup_stm32f10x_md.o(.text)
    TIM3_IRQHandler                          0x080001a7   Thumb Code     0  startup_stm32f10x_md.o(.text)
    TIM4_IRQHandler                          0x080001a7   Thumb Code     0  startup_stm32f10x_md.o(.text)
    USART1_IRQHandler                        0x080001a7   Thumb Code     0  startup_stm32f10x_md.o(.text)
    USART2_IRQHandler                        0x080001a7   Thumb Code     0  startup_stm32f10x_md.o(.text)
    USART3_IRQHandler                        0x080001a7   Thumb Code     0  startup_stm32f10x_md.o(.text)
    USBWakeUp_IRQHandler                     0x080001a7   Thumb Code     0  startup_stm32f10x_md.o(.text)
    USB_HP_CAN1_TX_IRQHandler                0x080001a7   Thumb Code     0  startup_stm32f10x_md.o(.text)
    USB_LP_CAN1_RX0_IRQHandler               0x080001a7   Thumb Code     0  startup_stm32f10x_md.o(.text)
    WWDG_IRQHandler                          0x080001a7   Thumb Code     0  startup_stm32f10x_md.o(.text)
    __user_initial_stackheap                 0x080001a9   Thumb Code     0  startup_stm32f10x_md.o(.text)
    __2printf                                0x080001cd   Thumb Code    20  noretval__2printf.o(.text)
    __use_two_region_memory                  0x080001e5   Thumb Code     2  heapauxi.o(.text)
    __rt_heap_escrow$2region                 0x080001e7   Thumb Code     2  heapauxi.o(.text)
    __rt_heap_expand$2region                 0x080001e9   Thumb Code     2  heapauxi.o(.text)
    __cpp_initialize__aeabi_                 0x080001ed   Thumb Code    26  init_aeabi.o(.text)
    _printf_char_file                        0x08000211   Thumb Code    32  _printf_char_file.o(.text)
    _printf_char_common                      0x0800023f   Thumb Code    32  _printf_char_common.o(.text)
    ferror                                   0x08000265   Thumb Code     8  ferror.o(.text)
    __user_setup_stackheap                   0x0800026d   Thumb Code    74  sys_stackheap_outer.o(.text)
    __printf                                 0x080002b7   Thumb Code    40  __printf_nopercent.o(.text)
    exit                                     0x080002df   Thumb Code    18  exit.o(.text)
    __user_libspace                          0x080002f1   Thumb Code     8  libspace.o(.text)
    __user_perproc_libspace                  0x080002f1   Thumb Code     0  libspace.o(.text)
    __user_perthread_libspace                0x080002f1   Thumb Code     0  libspace.o(.text)
    __I$use$semihosting                      0x080002f9   Thumb Code     0  use_no_semi.o(.text)
    __use_no_semihosting_swi                 0x080002f9   Thumb Code     2  use_no_semi.o(.text)
    __semihosting_library_function           0x080002fb   Thumb Code     0  indicate_semi.o(.text)
    _sys_exit                                0x080002fd   Thumb Code     8  sys_exit.o(.text)
    App_Hcsr04_Get_Distance                  0x08000333   Thumb Code     8  app_layer.o(i.App_Hcsr04_Get_Distance)
    App_Hcsr04_Init                          0x0800033b   Thumb Code     8  app_layer.o(i.App_Hcsr04_Init)
    App_Ir_Remote_Get_Cmd                    0x08000343   Thumb Code     8  app_layer.o(i.App_Ir_Remote_Get_Cmd)
    App_Ir_Remote_Init                       0x0800034b   Thumb Code     8  app_layer.o(i.App_Ir_Remote_Init)
    App_Line_PID_Compute_Wheels              0x08000353   Thumb Code    28  app_layer.o(i.App_Line_PID_Compute_Wheels)
    App_Line_PID_Init                        0x0800036f   Thumb Code    36  app_layer.o(i.App_Line_PID_Init)
    App_Line_PID_Reset                       0x08000393   Thumb Code    12  app_layer.o(i.App_Line_PID_Reset)
    App_Line_PID_Update                      0x0800039f   Thumb Code    16  app_layer.o(i.App_Line_PID_Update)
    App_Line_Sensor_Init                     0x080003af   Thumb Code     8  app_layer.o(i.App_Line_Sensor_Init)
    App_Line_Sensor_Read                     0x080003b7   Thumb Code    12  app_layer.o(i.App_Line_Sensor_Read)
    App_Motor_Init                           0x080003c3   Thumb Code     8  app_layer.o(i.App_Motor_Init)
    App_Motor_Move_Backward                  0x080003cb   Thumb Code     8  app_layer.o(i.App_Motor_Move_Backward)
    App_Motor_Move_Forward                   0x080003d3   Thumb Code     8  app_layer.o(i.App_Motor_Move_Forward)
    App_Motor_Set_Speed                      0x080003db   Thumb Code    16  app_layer.o(i.App_Motor_Set_Speed)
    App_Motor_Stop                           0x080003eb   Thumb Code     8  app_layer.o(i.App_Motor_Stop)
    App_Motor_Turn_Left                      0x080003f3   Thumb Code     8  app_layer.o(i.App_Motor_Turn_Left)
    App_Motor_Turn_Right                     0x080003fb   Thumb Code     8  app_layer.o(i.App_Motor_Turn_Right)
    DMA_Cmd                                  0x0800042f   Thumb Code    24  stm32f10x_dma.o(i.DMA_Cmd)
    DMA_DeInit                               0x08000449   Thumb Code   324  stm32f10x_dma.o(i.DMA_DeInit)
    DMA_GetCurrDataCounter                   0x08000595   Thumb Code     8  stm32f10x_dma.o(i.DMA_GetCurrDataCounter)
    DMA_Init                                 0x0800059d   Thumb Code    60  stm32f10x_dma.o(i.DMA_Init)
    Delay_Struct_Init                        0x0800060d   Thumb Code     8  ip_delay.o(i.Delay_Struct_Init)
    EXTI0_IRQHandler                         0x0800061d   Thumb Code     2  ip_ir_remote.o(i.EXTI0_IRQHandler)
    GPIO_Init                                0x0800061f   Thumb Code   278  stm32f10x_gpio.o(i.GPIO_Init)
    GPIO_ReadInputDataBit                    0x08000735   Thumb Code    18  stm32f10x_gpio.o(i.GPIO_ReadInputDataBit)
    GPIO_ResetBits                           0x08000747   Thumb Code     4  stm32f10x_gpio.o(i.GPIO_ResetBits)
    GPIO_SetBits                             0x0800074b   Thumb Code     4  stm32f10x_gpio.o(i.GPIO_SetBits)
    Ip_Delay_Init                            0x08000775   Thumb Code    26  ip_delay.o(i.Ip_Delay_Init)
    Ip_Delay_Ms                              0x08000795   Thumb Code    24  ip_delay.o(i.Ip_Delay_Ms)
    Ip_Delay_Us                              0x080007ad   Thumb Code    56  ip_delay.o(i.Ip_Delay_Us)
    Ip_Get_Tick                              0x080007e9   Thumb Code    10  ip_delay.o(i.Ip_Get_Tick)
    Ip_Hcsr04_Get_Distance                   0x080007f9   Thumb Code    48  ip_hcsr04.o(i.Ip_Hcsr04_Get_Distance)
    Ip_Hcsr04_Init                           0x0800082d   Thumb Code   150  ip_hcsr04.o(i.Ip_Hcsr04_Init)
    Ip_Ir_Remote_Get_Cmd                     0x080008cd   Thumb Code   318  ip_ir_remote.o(i.Ip_Ir_Remote_Get_Cmd)
    Ip_Ir_Remote_Init                        0x08000a31   Thumb Code    30  ip_ir_remote.o(i.Ip_Ir_Remote_Init)
    Ip_Line_PID_Compute_Wheels               0x08000a5d   Thumb Code    52  ip_line_pid.o(i.Ip_Line_PID_Compute_Wheels)
    Ip_Line_PID_Init                         0x08000a91   Thumb Code    24  ip_line_pid.o(i.Ip_Line_PID_Init)
    Ip_Line_PID_Reset                        0x08000aa9   Thumb Code     8  ip_line_pid.o(i.Ip_Line_PID_Reset)
    Ip_Line_PID_Update                       0x08000ab1   Thumb Code   156  ip_line_pid.o(i.Ip_Line_PID_Update)
    Ip_Line_Sensor_Init                      0x08000b4d   Thumb Code    44  ip_line_sensor.o(i.Ip_Line_Sensor_Init)
    Ip_Line_Sensor_Read                      0x08000b81   Thumb Code   124  ip_line_sensor.o(i.Ip_Line_Sensor_Read)
    Ip_Motor_Init                            0x08000c09   Thumb Code   194  ip_motor.o(i.Ip_Motor_Init)
    Ip_Motor_Move_Backward                   0x08000cd5   Thumb Code    44  ip_motor.o(i.Ip_Motor_Move_Backward)
    Ip_Motor_Move_Forward                    0x08000d05   Thumb Code    44  ip_motor.o(i.Ip_Motor_Move_Forward)
    Ip_Motor_Set_Speed                       0x08000d35   Thumb Code    30  ip_motor.o(i.Ip_Motor_Set_Speed)
    Ip_Motor_Stop                            0x08000d59   Thumb Code    14  ip_motor.o(i.Ip_Motor_Stop)
    Ip_Motor_Turn_Left                       0x08000d6d   Thumb Code    44  ip_motor.o(i.Ip_Motor_Turn_Left)
    Ip_Motor_Turn_Right                      0x08000d9d   Thumb Code    44  ip_motor.o(i.Ip_Motor_Turn_Right)
    Ip_Read_Echo_Pulse                       0x08000dcd   Thumb Code   128  ip_hcsr04.o(i.Ip_Read_Echo_Pulse)
    Ip_Ring_Buffer_Empty                     0x08000e51   Thumb Code    18  ip_ring_buffer.o(i.Ip_Ring_Buffer_Empty)
    Ip_Ring_Buffer_Full                      0x08000e63   Thumb Code    30  ip_ring_buffer.o(i.Ip_Ring_Buffer_Full)
    Ip_Ring_Buffer_Get                       0x08000e81   Thumb Code    28  ip_ring_buffer.o(i.Ip_Ring_Buffer_Get)
    Ip_Ring_Buffer_Put                       0x08000e9d   Thumb Code    26  ip_ring_buffer.o(i.Ip_Ring_Buffer_Put)
    Ip_Trig_Pulse                            0x08000eb9   Thumb Code    40  ip_hcsr04.o(i.Ip_Trig_Pulse)
    Ip_Uart1_Init                            0x08000ee5   Thumb Code    14  ip_usart.o(i.Ip_Uart1_Init)
    Ip_Uart1_Send_Char                       0x08000ef9   Thumb Code    14  ip_usart.o(i.Ip_Uart1_Send_Char)
    Ip_Uart1_Send_String                     0x08000f0d   Thumb Code    14  ip_usart.o(i.Ip_Uart1_Send_String)
    Ip_Uart2_Init                            0x08000f21   Thumb Code    14  ip_usart.o(i.Ip_Uart2_Init)
    Ip_Uart2_Send_Char                       0x08000f35   Thumb Code    14  ip_usart.o(i.Ip_Uart2_Send_Char)
    Ip_Uart2_Send_String                     0x08000f49   Thumb Code    14  ip_usart.o(i.Ip_Uart2_Send_String)
    Ip_Uart3_Init                            0x08000f5d   Thumb Code    14  ip_usart.o(i.Ip_Uart3_Init)
    Ip_Uart3_Send_Char                       0x08000f71   Thumb Code    14  ip_usart.o(i.Ip_Uart3_Send_Char)
    Ip_Uart3_Send_String                     0x08000f85   Thumb Code    14  ip_usart.o(i.Ip_Uart3_Send_String)
    Ip_Uart_Init                             0x08000f99   Thumb Code   280  ip_usart.o(i.Ip_Uart_Init)
    Ip_Uart_Send_Char                        0x080010c9   Thumb Code    16  ip_usart.o(i.Ip_Uart_Send_Char)
    Ip_Uart_Send_String                      0x080010d9   Thumb Code    26  ip_usart.o(i.Ip_Uart_Send_String)
    Mid_Hcsr04_Get_Distance                  0x080011b5   Thumb Code     8  mid_layer.o(i.Mid_Hcsr04_Get_Distance)
    Mid_Hcsr04_Init                          0x080011bd   Thumb Code     8  mid_layer.o(i.Mid_Hcsr04_Init)
    Mid_Ir_Remote_Get_Cmd                    0x080011c5   Thumb Code     8  mid_layer.o(i.Mid_Ir_Remote_Get_Cmd)
    Mid_Ir_Remote_Init                       0x080011cd   Thumb Code     8  mid_layer.o(i.Mid_Ir_Remote_Init)
    Mid_Line_PID_Compute_Wheels              0x080011d5   Thumb Code    28  mid_layer.o(i.Mid_Line_PID_Compute_Wheels)
    Mid_Line_PID_Init                        0x080011f1   Thumb Code    36  mid_layer.o(i.Mid_Line_PID_Init)
    Mid_Line_PID_Reset                       0x08001215   Thumb Code    12  mid_layer.o(i.Mid_Line_PID_Reset)
    Mid_Line_PID_Update                      0x08001221   Thumb Code    16  mid_layer.o(i.Mid_Line_PID_Update)
    Mid_Line_Sensor_Init                     0x08001231   Thumb Code     8  mid_layer.o(i.Mid_Line_Sensor_Init)
    Mid_Line_Sensor_Read                     0x08001239   Thumb Code    12  mid_layer.o(i.Mid_Line_Sensor_Read)
    Mid_Motor_Init                           0x08001245   Thumb Code     8  mid_layer.o(i.Mid_Motor_Init)
    Mid_Motor_Move_Backward                  0x0800124d   Thumb Code     8  mid_layer.o(i.Mid_Motor_Move_Backward)
    Mid_Motor_Move_Forward                   0x08001255   Thumb Code     8  mid_layer.o(i.Mid_Motor_Move_Forward)
    Mid_Motor_Set_Speed                      0x0800125d   Thumb Code    16  mid_layer.o(i.Mid_Motor_Set_Speed)
    Mid_Motor_Stop                           0x0800126d   Thumb Code     8  mid_layer.o(i.Mid_Motor_Stop)
    Mid_Motor_Turn_Left                      0x08001275   Thumb Code     8  mid_layer.o(i.Mid_Motor_Turn_Left)
    Mid_Motor_Turn_Right                     0x0800127d   Thumb Code     8  mid_layer.o(i.Mid_Motor_Turn_Right)
    RCC_AHBPeriphClockCmd                    0x080014f1   Thumb Code    26  stm32f10x_rcc.o(i.RCC_AHBPeriphClockCmd)
    RCC_APB1PeriphClockCmd                   0x08001511   Thumb Code    26  stm32f10x_rcc.o(i.RCC_APB1PeriphClockCmd)
    RCC_APB2PeriphClockCmd                   0x08001531   Thumb Code    26  stm32f10x_rcc.o(i.RCC_APB2PeriphClockCmd)
    SysTick_Handler                          0x08001639   Thumb Code    12  ip_delay.o(i.SysTick_Handler)
    SystemInit                               0x08001649   Thumb Code    78  system_stm32f10x.o(i.SystemInit)
    TIM2_IRQHandler                          0x080018e9   Thumb Code     2  ip_ir_remote.o(i.TIM2_IRQHandler)
    TIM_ARRPreloadConfig                     0x080018eb   Thumb Code    24  stm32f10x_tim.o(i.TIM_ARRPreloadConfig)
    TIM_Cmd                                  0x08001903   Thumb Code    24  stm32f10x_tim.o(i.TIM_Cmd)
    TIM_DMACmd                               0x0800191b   Thumb Code    18  stm32f10x_tim.o(i.TIM_DMACmd)
    TIM_ICInit                               0x0800192d   Thumb Code   150  stm32f10x_tim.o(i.TIM_ICInit)
    TIM_OC1Init                              0x080019d9   Thumb Code   132  stm32f10x_tim.o(i.TIM_OC1Init)
    TIM_OC1PreloadConfig                     0x08001a71   Thumb Code    18  stm32f10x_tim.o(i.TIM_OC1PreloadConfig)
    TIM_OC2Init                              0x08001a85   Thumb Code   154  stm32f10x_tim.o(i.TIM_OC2Init)
    TIM_OC2PreloadConfig                     0x08001b29   Thumb Code    26  stm32f10x_tim.o(i.TIM_OC2PreloadConfig)
    TIM_SelectInputTrigger                   0x08001b43   Thumb Code    18  stm32f10x_tim.o(i.TIM_SelectInputTrigger)
    TIM_SelectSlaveMode                      0x08001b55   Thumb Code    18  stm32f10x_tim.o(i.TIM_SelectSlaveMode)
    TIM_SetIC1Prescaler                      0x08001b67   Thumb Code    18  stm32f10x_tim.o(i.TIM_SetIC1Prescaler)
    TIM_SetIC2Prescaler                      0x08001b79   Thumb Code    26  stm32f10x_tim.o(i.TIM_SetIC2Prescaler)
    TIM_SetIC3Prescaler                      0x08001b93   Thumb Code    18  stm32f10x_tim.o(i.TIM_SetIC3Prescaler)
    TIM_SetIC4Prescaler                      0x08001ba5   Thumb Code    26  stm32f10x_tim.o(i.TIM_SetIC4Prescaler)
    TIM_TimeBaseInit                         0x08001bc1   Thumb Code   122  stm32f10x_tim.o(i.TIM_TimeBaseInit)
    Uart_Struct_Init                         0x08001ce1   Thumb Code    44  ip_usart.o(i.Uart_Struct_Init)
    fputc                                    0x08001d61   Thumb Code    30  ip_usart.o(i.fputc)
    main                                     0x08001d85   Thumb Code   160  main.o(i.main)
    __aeabi_fadd                             0x08001e55   Thumb Code     0  faddsub_clz.o(x$fpl$fadd)
    _fadd                                    0x08001e55   Thumb Code   196  faddsub_clz.o(x$fpl$fadd)
    __fpl_fcmp_Inf                           0x08001f19   Thumb Code    24  fcmpi.o(x$fpl$fcmpinf)
    __aeabi_f2iz                             0x08001f31   Thumb Code     0  ffix.o(x$fpl$ffix)
    _ffix                                    0x08001f31   Thumb Code    54  ffix.o(x$fpl$ffix)
    __aeabi_i2f                              0x08001f69   Thumb Code     0  fflt_clz.o(x$fpl$fflt)
    _fflt                                    0x08001f69   Thumb Code    48  fflt_clz.o(x$fpl$fflt)
    __aeabi_cfcmple                          0x08001f99   Thumb Code     0  fleqf.o(x$fpl$fleqf)
    _fcmple                                  0x08001f99   Thumb Code   104  fleqf.o(x$fpl$fleqf)
    __fpl_fcmple_InfNaN                      0x08001feb   Thumb Code     0  fleqf.o(x$fpl$fleqf)
    __aeabi_fmul                             0x08002001   Thumb Code     0  fmul.o(x$fpl$fmul)
    _fmul                                    0x08002001   Thumb Code   258  fmul.o(x$fpl$fmul)
    __fpl_fnaninf                            0x08002103   Thumb Code   140  fnaninf.o(x$fpl$fnaninf)
    __fpl_fretinf                            0x0800218f   Thumb Code    10  fretinf.o(x$fpl$fretinf)
    __aeabi_cfrcmple                         0x08002199   Thumb Code     0  frleqf.o(x$fpl$frleqf)
    _frcmple                                 0x08002199   Thumb Code    98  frleqf.o(x$fpl$frleqf)
    __aeabi_fsub                             0x080021fd   Thumb Code     0  faddsub_clz.o(x$fpl$fsub)
    _fsub                                    0x080021fd   Thumb Code   234  faddsub_clz.o(x$fpl$fsub)
    __I$use$fp                               0x080022e6   Number         0  usenofp.o(x$fpl$usenofp)
    Region$$Table$$Base                      0x080022ec   Number         0  anon$$obj.o(Region$$Table)
    Region$$Table$$Limit                     0x0800230c   Number         0  anon$$obj.o(Region$$Table)
    SHT$$INIT_ARRAY$$Base                    0x0800230c   Number         0  ip_delay.o(.init_array)
    SHT$$INIT_ARRAY$$Limit                   0x08002314   Number         0  init_aeabi.o(.init_array)
    delay                                    0x20000008   Data           4  ip_delay.o(.data)
    debug_cmd                                0x20000010   Data           1  ip_ir_remote.o(.data)
    debug_raw                                0x20000014   Data           4  ip_ir_remote.o(.data)
    debug_addr                               0x20000018   Data           1  ip_ir_remote.o(.data)
    __stdout                                 0x2000002c   Data           4  ip_usart.o(.data)
    SystemCoreClock                          0x20000030   Data           4  system_stm32f10x.o(.data)
    AHBPrescTable                            0x20000034   Data          16  system_stm32f10x.o(.data)
    uart1                                    0x20000100   Data          12  ip_usart.o(.bss)
    uart2                                    0x20000120   Data          12  ip_usart.o(.bss)
    uart3                                    0x20000140   Data          12  ip_usart.o(.bss)
    __libspace_start                         0x2000014c   Data          96  libspace.o(.bss)
    __temporary_stack_top$libspace           0x200001ac   Data           0  libspace.o(.bss)



==============================================================================

Memory Map of the image

  Image Entry point : 0x080000ed

  Load Region LR_IROM1 (Base: 0x08000000, Size: 0x00002358, Max: 0x00010000, ABSOLUTE)

    Execution Region ER_IROM1 (Exec base: 0x08000000, Load base: 0x08000000, Size: 0x00002314, Max: 0x00010000, ABSOLUTE)

    Exec Addr    Load Addr    Size         Type   Attr      Idx    E Section Name        Object

    0x08000000   0x08000000   0x000000ec   Data   RO         3830    RESET               startup_stm32f10x_md.o
    0x080000ec   0x080000ec   0x00000008   Code   RO         3877  * !!!main             c_w.l(__main.o)
    0x080000f4   0x080000f4   0x00000034   Code   RO         4079    !!!scatter          c_w.l(__scatter.o)
    0x08000128   0x08000128   0x0000001a   Code   RO         4081    !!handler_copy      c_w.l(__scatter_copy.o)
    0x08000142   0x08000142   0x00000002   PAD
    0x08000144   0x08000144   0x0000001c   Code   RO         4083    !!handler_zi        c_w.l(__scatter_zi.o)
    0x08000160   0x08000160   0x00000002   Code   RO         4002    .ARM.Collect$$libinit$$00000000  c_w.l(libinit.o)
    0x08000162   0x08000162   0x00000000   Code   RO         3909    .ARM.Collect$$libinit$$00000002  c_w.l(libinit2.o)
    0x08000162   0x08000162   0x00000000   Code   RO         3911    .ARM.Collect$$libinit$$00000004  c_w.l(libinit2.o)
    0x08000162   0x08000162   0x00000000   Code   RO         3914    .ARM.Collect$$libinit$$0000000A  c_w.l(libinit2.o)
    0x08000162   0x08000162   0x00000000   Code   RO         3916    .ARM.Collect$$libinit$$0000000C  c_w.l(libinit2.o)
    0x08000162   0x08000162   0x00000000   Code   RO         3918    .ARM.Collect$$libinit$$0000000E  c_w.l(libinit2.o)
    0x08000162   0x08000162   0x00000000   Code   RO         3921    .ARM.Collect$$libinit$$00000011  c_w.l(libinit2.o)
    0x08000162   0x08000162   0x00000000   Code   RO         3923    .ARM.Collect$$libinit$$00000013  c_w.l(libinit2.o)
    0x08000162   0x08000162   0x00000000   Code   RO         3925    .ARM.Collect$$libinit$$00000015  c_w.l(libinit2.o)
    0x08000162   0x08000162   0x00000000   Code   RO         3927    .ARM.Collect$$libinit$$00000017  c_w.l(libinit2.o)
    0x08000162   0x08000162   0x00000000   Code   RO         3929    .ARM.Collect$$libinit$$00000019  c_w.l(libinit2.o)
    0x08000162   0x08000162   0x00000000   Code   RO         3931    .ARM.Collect$$libinit$$0000001B  c_w.l(libinit2.o)
    0x08000162   0x08000162   0x00000000   Code   RO         3933    .ARM.Collect$$libinit$$0000001D  c_w.l(libinit2.o)
    0x08000162   0x08000162   0x00000000   Code   RO         3935    .ARM.Collect$$libinit$$0000001F  c_w.l(libinit2.o)
    0x08000162   0x08000162   0x00000000   Code   RO         3937    .ARM.Collect$$libinit$$00000021  c_w.l(libinit2.o)
    0x08000162   0x08000162   0x00000000   Code   RO         3939    .ARM.Collect$$libinit$$00000023  c_w.l(libinit2.o)
    0x08000162   0x08000162   0x00000000   Code   RO         3941    .ARM.Collect$$libinit$$00000025  c_w.l(libinit2.o)
    0x08000162   0x08000162   0x00000000   Code   RO         3945    .ARM.Collect$$libinit$$0000002C  c_w.l(libinit2.o)
    0x08000162   0x08000162   0x00000000   Code   RO         3947    .ARM.Collect$$libinit$$0000002E  c_w.l(libinit2.o)
    0x08000162   0x08000162   0x00000000   Code   RO         3949    .ARM.Collect$$libinit$$00000030  c_w.l(libinit2.o)
    0x08000162   0x08000162   0x00000004   Code   RO         3950    .ARM.Collect$$libinit$$00000031  c_w.l(libinit2.o)
    0x08000166   0x08000166   0x00000000   Code   RO         3951    .ARM.Collect$$libinit$$00000032  c_w.l(libinit2.o)
    0x08000166   0x08000166   0x00000002   Code   RO         3952    .ARM.Collect$$libinit$$00000033  c_w.l(libinit2.o)
    0x08000168   0x08000168   0x00000002   Code   RO         4040    .ARM.Collect$$libshutdown$$00000000  c_w.l(libshutdown.o)
    0x0800016a   0x0800016a   0x00000000   Code   RO         4046    .ARM.Collect$$libshutdown$$00000002  c_w.l(libshutdown2.o)
    0x0800016a   0x0800016a   0x00000000   Code   RO         4048    .ARM.Collect$$libshutdown$$00000004  c_w.l(libshutdown2.o)
    0x0800016a   0x0800016a   0x00000000   Code   RO         4051    .ARM.Collect$$libshutdown$$00000007  c_w.l(libshutdown2.o)
    0x0800016a   0x0800016a   0x00000000   Code   RO         4054    .ARM.Collect$$libshutdown$$0000000A  c_w.l(libshutdown2.o)
    0x0800016a   0x0800016a   0x00000000   Code   RO         4056    .ARM.Collect$$libshutdown$$0000000C  c_w.l(libshutdown2.o)
    0x0800016a   0x0800016a   0x00000000   Code   RO         4059    .ARM.Collect$$libshutdown$$0000000F  c_w.l(libshutdown2.o)
    0x0800016a   0x0800016a   0x00000002   Code   RO         4060    .ARM.Collect$$libshutdown$$00000010  c_w.l(libshutdown2.o)
    0x0800016c   0x0800016c   0x00000000   Code   RO         3905    .ARM.Collect$$rtentry$$00000000  c_w.l(__rtentry.o)
    0x0800016c   0x0800016c   0x00000000   Code   RO         3961    .ARM.Collect$$rtentry$$00000002  c_w.l(__rtentry2.o)
    0x0800016c   0x0800016c   0x00000006   Code   RO         3973    .ARM.Collect$$rtentry$$00000004  c_w.l(__rtentry4.o)
    0x08000172   0x08000172   0x00000000   Code   RO         3963    .ARM.Collect$$rtentry$$00000009  c_w.l(__rtentry2.o)
    0x08000172   0x08000172   0x00000004   Code   RO         3964    .ARM.Collect$$rtentry$$0000000A  c_w.l(__rtentry2.o)
    0x08000176   0x08000176   0x00000000   Code   RO         3966    .ARM.Collect$$rtentry$$0000000C  c_w.l(__rtentry2.o)
    0x08000176   0x08000176   0x00000008   Code   RO         3967    .ARM.Collect$$rtentry$$0000000D  c_w.l(__rtentry2.o)
    0x0800017e   0x0800017e   0x00000002   Code   RO         4008    .ARM.Collect$$rtexit$$00000000  c_w.l(rtexit.o)
    0x08000180   0x08000180   0x00000000   Code   RO         4020    .ARM.Collect$$rtexit$$00000002  c_w.l(rtexit2.o)
    0x08000180   0x08000180   0x00000004   Code   RO         4021    .ARM.Collect$$rtexit$$00000003  c_w.l(rtexit2.o)
    0x08000184   0x08000184   0x00000006   Code   RO         4022    .ARM.Collect$$rtexit$$00000004  c_w.l(rtexit2.o)
    0x0800018a   0x0800018a   0x00000002   PAD
    0x0800018c   0x0800018c   0x00000040   Code   RO         3831    .text               startup_stm32f10x_md.o
    0x080001cc   0x080001cc   0x00000018   Code   RO         3873    .text               c_w.l(noretval__2printf.o)
    0x080001e4   0x080001e4   0x00000006   Code   RO         3875    .text               c_w.l(heapauxi.o)
    0x080001ea   0x080001ea   0x00000002   PAD
    0x080001ec   0x080001ec   0x00000024   Code   RO         3882    .text               c_w.l(init_aeabi.o)
    0x08000210   0x08000210   0x00000024   Code   RO         3906    .text               c_w.l(_printf_char_file.o)
    0x08000234   0x08000234   0x00000030   Code   RO         3975    .text               c_w.l(_printf_char_common.o)
    0x08000264   0x08000264   0x00000008   Code   RO         3977    .text               c_w.l(ferror.o)
    0x0800026c   0x0800026c   0x0000004a   Code   RO         3987    .text               c_w.l(sys_stackheap_outer.o)
    0x080002b6   0x080002b6   0x00000028   Code   RO         3989    .text               c_w.l(__printf_nopercent.o)
    0x080002de   0x080002de   0x00000012   Code   RO         3991    .text               c_w.l(exit.o)
    0x080002f0   0x080002f0   0x00000008   Code   RO         4005    .text               c_w.l(libspace.o)
    0x080002f8   0x080002f8   0x00000002   Code   RO         4016    .text               c_w.l(use_no_semi.o)
    0x080002fa   0x080002fa   0x00000000   Code   RO         4018    .text               c_w.l(indicate_semi.o)
    0x080002fa   0x080002fa   0x00000002   PAD
    0x080002fc   0x080002fc   0x0000000c   Code   RO         4032    .text               c_w.l(sys_exit.o)
    0x08000308   0x08000308   0x0000002a   Code   RO            1    i.Adaptive_Speed    main.o
    0x08000332   0x08000332   0x00000008   Code   RO          555    i.App_Hcsr04_Get_Distance  app_layer.o
    0x0800033a   0x0800033a   0x00000008   Code   RO          556    i.App_Hcsr04_Init   app_layer.o
    0x08000342   0x08000342   0x00000008   Code   RO          557    i.App_Ir_Remote_Get_Cmd  app_layer.o
    0x0800034a   0x0800034a   0x00000008   Code   RO          558    i.App_Ir_Remote_Init  app_layer.o
    0x08000352   0x08000352   0x0000001c   Code   RO          560    i.App_Line_PID_Compute_Wheels  app_layer.o
    0x0800036e   0x0800036e   0x00000024   Code   RO          561    i.App_Line_PID_Init  app_layer.o
    0x08000392   0x08000392   0x0000000c   Code   RO          562    i.App_Line_PID_Reset  app_layer.o
    0x0800039e   0x0800039e   0x00000010   Code   RO          563    i.App_Line_PID_Update  app_layer.o
    0x080003ae   0x080003ae   0x00000008   Code   RO          564    i.App_Line_Sensor_Init  app_layer.o
    0x080003b6   0x080003b6   0x0000000c   Code   RO          565    i.App_Line_Sensor_Read  app_layer.o
    0x080003c2   0x080003c2   0x00000008   Code   RO          566    i.App_Motor_Init    app_layer.o
    0x080003ca   0x080003ca   0x00000008   Code   RO          567    i.App_Motor_Move_Backward  app_layer.o
    0x080003d2   0x080003d2   0x00000008   Code   RO          568    i.App_Motor_Move_Forward  app_layer.o
    0x080003da   0x080003da   0x00000010   Code   RO          569    i.App_Motor_Set_Speed  app_layer.o
    0x080003ea   0x080003ea   0x00000008   Code   RO          570    i.App_Motor_Stop    app_layer.o
    0x080003f2   0x080003f2   0x00000008   Code   RO          571    i.App_Motor_Turn_Left  app_layer.o
    0x080003fa   0x080003fa   0x00000008   Code   RO          572    i.App_Motor_Turn_Right  app_layer.o
    0x08000402   0x08000402   0x0000002c   Code   RO          379    i.Clamp_Float       ip_line_pid.o
    0x0800042e   0x0800042e   0x00000018   Code   RO         1625    i.DMA_Cmd           stm32f10x_dma.o
    0x08000446   0x08000446   0x00000002   PAD
    0x08000448   0x08000448   0x0000014c   Code   RO         1626    i.DMA_DeInit        stm32f10x_dma.o
    0x08000594   0x08000594   0x00000008   Code   RO         1627    i.DMA_GetCurrDataCounter  stm32f10x_dma.o
    0x0800059c   0x0800059c   0x0000003c   Code   RO         1631    i.DMA_Init          stm32f10x_dma.o
    0x080005d8   0x080005d8   0x00000034   Code   RO          353    i.Decode_Position_2ch  ip_line_sensor.o
    0x0800060c   0x0800060c   0x00000010   Code   RO          163    i.Delay_Struct_Init  ip_delay.o
    0x0800061c   0x0800061c   0x00000002   Code   RO          247    i.EXTI0_IRQHandler  ip_ir_remote.o
    0x0800061e   0x0800061e   0x00000116   Code   RO         2049    i.GPIO_Init         stm32f10x_gpio.o
    0x08000734   0x08000734   0x00000012   Code   RO         2053    i.GPIO_ReadInputDataBit  stm32f10x_gpio.o
    0x08000746   0x08000746   0x00000004   Code   RO         2056    i.GPIO_ResetBits    stm32f10x_gpio.o
    0x0800074a   0x0800074a   0x00000004   Code   RO         2057    i.GPIO_SetBits      stm32f10x_gpio.o
    0x0800074e   0x0800074e   0x00000002   PAD
    0x08000750   0x08000750   0x00000024   Code   RO          248    i.Gpio_Config       ip_ir_remote.o
    0x08000774   0x08000774   0x00000020   Code   RO          164    i.Ip_Delay_Init     ip_delay.o
    0x08000794   0x08000794   0x00000018   Code   RO          165    i.Ip_Delay_Ms       ip_delay.o
    0x080007ac   0x080007ac   0x0000003c   Code   RO          166    i.Ip_Delay_Us       ip_delay.o
    0x080007e8   0x080007e8   0x00000010   Code   RO          167    i.Ip_Get_Tick       ip_delay.o
    0x080007f8   0x080007f8   0x00000034   Code   RO          212    i.Ip_Hcsr04_Get_Distance  ip_hcsr04.o
    0x0800082c   0x0800082c   0x000000a0   Code   RO          213    i.Ip_Hcsr04_Init    ip_hcsr04.o
    0x080008cc   0x080008cc   0x00000164   Code   RO          249    i.Ip_Ir_Remote_Get_Cmd  ip_ir_remote.o
    0x08000a30   0x08000a30   0x0000002c   Code   RO          250    i.Ip_Ir_Remote_Init  ip_ir_remote.o
    0x08000a5c   0x08000a5c   0x00000034   Code   RO          380    i.Ip_Line_PID_Compute_Wheels  ip_line_pid.o
    0x08000a90   0x08000a90   0x00000018   Code   RO          381    i.Ip_Line_PID_Init  ip_line_pid.o
    0x08000aa8   0x08000aa8   0x00000008   Code   RO          382    i.Ip_Line_PID_Reset  ip_line_pid.o
    0x08000ab0   0x08000ab0   0x0000009c   Code   RO          383    i.Ip_Line_PID_Update  ip_line_pid.o
    0x08000b4c   0x08000b4c   0x00000034   Code   RO          354    i.Ip_Line_Sensor_Init  ip_line_sensor.o
    0x08000b80   0x08000b80   0x00000088   Code   RO          355    i.Ip_Line_Sensor_Read  ip_line_sensor.o
    0x08000c08   0x08000c08   0x000000cc   Code   RO          305    i.Ip_Motor_Init     ip_motor.o
    0x08000cd4   0x08000cd4   0x00000030   Code   RO          306    i.Ip_Motor_Move_Backward  ip_motor.o
    0x08000d04   0x08000d04   0x00000030   Code   RO          307    i.Ip_Motor_Move_Forward  ip_motor.o
    0x08000d34   0x08000d34   0x00000024   Code   RO          308    i.Ip_Motor_Set_Speed  ip_motor.o
    0x08000d58   0x08000d58   0x00000014   Code   RO          344    i.Ip_Motor_Stop     ip_motor.o
    0x08000d6c   0x08000d6c   0x00000030   Code   RO          309    i.Ip_Motor_Turn_Left  ip_motor.o
    0x08000d9c   0x08000d9c   0x00000030   Code   RO          310    i.Ip_Motor_Turn_Right  ip_motor.o
    0x08000dcc   0x08000dcc   0x00000084   Code   RO          214    i.Ip_Read_Echo_Pulse  ip_hcsr04.o
    0x08000e50   0x08000e50   0x00000012   Code   RO          414    i.Ip_Ring_Buffer_Empty  ip_ring_buffer.o
    0x08000e62   0x08000e62   0x0000001e   Code   RO          415    i.Ip_Ring_Buffer_Full  ip_ring_buffer.o
    0x08000e80   0x08000e80   0x0000001c   Code   RO          416    i.Ip_Ring_Buffer_Get  ip_ring_buffer.o
    0x08000e9c   0x08000e9c   0x0000001a   Code   RO          418    i.Ip_Ring_Buffer_Put  ip_ring_buffer.o
    0x08000eb6   0x08000eb6   0x00000002   PAD
    0x08000eb8   0x08000eb8   0x0000002c   Code   RO          215    i.Ip_Trig_Pulse     ip_hcsr04.o
    0x08000ee4   0x08000ee4   0x00000014   Code   RO          450    i.Ip_Uart1_Init     ip_usart.o
    0x08000ef8   0x08000ef8   0x00000014   Code   RO          451    i.Ip_Uart1_Send_Char  ip_usart.o
    0x08000f0c   0x08000f0c   0x00000014   Code   RO          452    i.Ip_Uart1_Send_String  ip_usart.o
    0x08000f20   0x08000f20   0x00000014   Code   RO          453    i.Ip_Uart2_Init     ip_usart.o
    0x08000f34   0x08000f34   0x00000014   Code   RO          454    i.Ip_Uart2_Send_Char  ip_usart.o
    0x08000f48   0x08000f48   0x00000014   Code   RO          455    i.Ip_Uart2_Send_String  ip_usart.o
    0x08000f5c   0x08000f5c   0x00000014   Code   RO          456    i.Ip_Uart3_Init     ip_usart.o
    0x08000f70   0x08000f70   0x00000014   Code   RO          457    i.Ip_Uart3_Send_Char  ip_usart.o
    0x08000f84   0x08000f84   0x00000014   Code   RO          458    i.Ip_Uart3_Send_String  ip_usart.o
    0x08000f98   0x08000f98   0x00000130   Code   RO          459    i.Ip_Uart_Init      ip_usart.o
    0x080010c8   0x080010c8   0x00000010   Code   RO          460    i.Ip_Uart_Send_Char  ip_usart.o
    0x080010d8   0x080010d8   0x0000001a   Code   RO          461    i.Ip_Uart_Send_String  ip_usart.o
    0x080010f2   0x080010f2   0x00000002   PAD
    0x080010f4   0x080010f4   0x00000060   Code   RO          252    i.Ir_Dma_Config     ip_ir_remote.o
    0x08001154   0x08001154   0x00000060   Code   RO            2    i.Line_Follow_Step  main.o
    0x080011b4   0x080011b4   0x00000008   Code   RO          724    i.Mid_Hcsr04_Get_Distance  mid_layer.o
    0x080011bc   0x080011bc   0x00000008   Code   RO          725    i.Mid_Hcsr04_Init   mid_layer.o
    0x080011c4   0x080011c4   0x00000008   Code   RO          726    i.Mid_Ir_Remote_Get_Cmd  mid_layer.o
    0x080011cc   0x080011cc   0x00000008   Code   RO          727    i.Mid_Ir_Remote_Init  mid_layer.o
    0x080011d4   0x080011d4   0x0000001c   Code   RO          729    i.Mid_Line_PID_Compute_Wheels  mid_layer.o
    0x080011f0   0x080011f0   0x00000024   Code   RO          730    i.Mid_Line_PID_Init  mid_layer.o
    0x08001214   0x08001214   0x0000000c   Code   RO          731    i.Mid_Line_PID_Reset  mid_layer.o
    0x08001220   0x08001220   0x00000010   Code   RO          732    i.Mid_Line_PID_Update  mid_layer.o
    0x08001230   0x08001230   0x00000008   Code   RO          733    i.Mid_Line_Sensor_Init  mid_layer.o
    0x08001238   0x08001238   0x0000000c   Code   RO          734    i.Mid_Line_Sensor_Read  mid_layer.o
    0x08001244   0x08001244   0x00000008   Code   RO          735    i.Mid_Motor_Init    mid_layer.o
    0x0800124c   0x0800124c   0x00000008   Code   RO          736    i.Mid_Motor_Move_Backward  mid_layer.o
    0x08001254   0x08001254   0x00000008   Code   RO          737    i.Mid_Motor_Move_Forward  mid_layer.o
    0x0800125c   0x0800125c   0x00000010   Code   RO          738    i.Mid_Motor_Set_Speed  mid_layer.o
    0x0800126c   0x0800126c   0x00000008   Code   RO          739    i.Mid_Motor_Stop    mid_layer.o
    0x08001274   0x08001274   0x00000008   Code   RO          740    i.Mid_Motor_Turn_Left  mid_layer.o
    0x0800127c   0x0800127c   0x00000008   Code   RO          741    i.Mid_Motor_Turn_Right  mid_layer.o
    0x08001284   0x08001284   0x000000bc   Code   RO            3    i.Obstacle_Avoidance_Step  main.o
    0x08001340   0x08001340   0x000001b0   Code   RO            4    i.Process_IR_Cmd    main.o
    0x080014f0   0x080014f0   0x00000020   Code   RO         2427    i.RCC_AHBPeriphClockCmd  stm32f10x_rcc.o
    0x08001510   0x08001510   0x00000020   Code   RO         2428    i.RCC_APB1PeriphClockCmd  stm32f10x_rcc.o
    0x08001530   0x08001530   0x00000020   Code   RO         2430    i.RCC_APB2PeriphClockCmd  stm32f10x_rcc.o
    0x08001550   0x08001550   0x00000008   Code   RO         3835    i.SetSysClock       system_stm32f10x.o
    0x08001558   0x08001558   0x000000e0   Code   RO         3836    i.SetSysClockTo72   system_stm32f10x.o
    0x08001638   0x08001638   0x00000010   Code   RO          168    i.SysTick_Handler   ip_delay.o
    0x08001648   0x08001648   0x00000060   Code   RO         3838    i.SystemInit        system_stm32f10x.o
    0x080016a8   0x080016a8   0x00000080   Code   RO         3046    i.TI1_Config        stm32f10x_tim.o
    0x08001728   0x08001728   0x00000098   Code   RO         3047    i.TI2_Config        stm32f10x_tim.o
    0x080017c0   0x080017c0   0x00000090   Code   RO         3048    i.TI3_Config        stm32f10x_tim.o
    0x08001850   0x08001850   0x00000098   Code   RO         3049    i.TI4_Config        stm32f10x_tim.o
    0x080018e8   0x080018e8   0x00000002   Code   RO          253    i.TIM2_IRQHandler   ip_ir_remote.o
    0x080018ea   0x080018ea   0x00000018   Code   RO         3050    i.TIM_ARRPreloadConfig  stm32f10x_tim.o
    0x08001902   0x08001902   0x00000018   Code   RO         3062    i.TIM_Cmd           stm32f10x_tim.o
    0x0800191a   0x0800191a   0x00000012   Code   RO         3065    i.TIM_DMACmd        stm32f10x_tim.o
    0x0800192c   0x0800192c   0x000000ac   Code   RO         3085    i.TIM_ICInit        stm32f10x_tim.o
    0x080019d8   0x080019d8   0x00000098   Code   RO         3091    i.TIM_OC1Init       stm32f10x_tim.o
    0x08001a70   0x08001a70   0x00000012   Code   RO         3094    i.TIM_OC1PreloadConfig  stm32f10x_tim.o
    0x08001a82   0x08001a82   0x00000002   PAD
    0x08001a84   0x08001a84   0x000000a4   Code   RO         3096    i.TIM_OC2Init       stm32f10x_tim.o
    0x08001b28   0x08001b28   0x0000001a   Code   RO         3099    i.TIM_OC2PreloadConfig  stm32f10x_tim.o
    0x08001b42   0x08001b42   0x00000012   Code   RO         3115    i.TIM_SelectInputTrigger  stm32f10x_tim.o
    0x08001b54   0x08001b54   0x00000012   Code   RO         3120    i.TIM_SelectSlaveMode  stm32f10x_tim.o
    0x08001b66   0x08001b66   0x00000012   Code   RO         3128    i.TIM_SetIC1Prescaler  stm32f10x_tim.o
    0x08001b78   0x08001b78   0x0000001a   Code   RO         3129    i.TIM_SetIC2Prescaler  stm32f10x_tim.o
    0x08001b92   0x08001b92   0x00000012   Code   RO         3130    i.TIM_SetIC3Prescaler  stm32f10x_tim.o
    0x08001ba4   0x08001ba4   0x0000001a   Code   RO         3131    i.TIM_SetIC4Prescaler  stm32f10x_tim.o
    0x08001bbe   0x08001bbe   0x00000002   PAD
    0x08001bc0   0x08001bc0   0x000000a4   Code   RO         3133    i.TIM_TimeBaseInit  stm32f10x_tim.o
    0x08001c64   0x08001c64   0x0000007c   Code   RO          254    i.Tim2_Config       ip_ir_remote.o
    0x08001ce0   0x08001ce0   0x0000005c   Code   RO          462    i.Uart_Struct_Init  ip_usart.o
    0x08001d3c   0x08001d3c   0x00000024   Code   RO          216    i.Wait_Capture      ip_hcsr04.o
    0x08001d60   0x08001d60   0x00000024   Code   RO          463    i.fputc             ip_usart.o
    0x08001d84   0x08001d84   0x000000d0   Code   RO            5    i.main              main.o
    0x08001e54   0x08001e54   0x000000c4   Code   RO         3885    x$fpl$fadd          fz_ws.l(faddsub_clz.o)
    0x08001f18   0x08001f18   0x00000018   Code   RO         3983    x$fpl$fcmpinf       fz_ws.l(fcmpi.o)
    0x08001f30   0x08001f30   0x00000036   Code   RO         3891    x$fpl$ffix          fz_ws.l(ffix.o)
    0x08001f66   0x08001f66   0x00000002   PAD
    0x08001f68   0x08001f68   0x00000030   Code   RO         3896    x$fpl$fflt          fz_ws.l(fflt_clz.o)
    0x08001f98   0x08001f98   0x00000068   Code   RO         3953    x$fpl$fleqf         fz_ws.l(fleqf.o)
    0x08002000   0x08002000   0x00000102   Code   RO         3901    x$fpl$fmul          fz_ws.l(fmul.o)
    0x08002102   0x08002102   0x0000008c   Code   RO         3955    x$fpl$fnaninf       fz_ws.l(fnaninf.o)
    0x0800218e   0x0800218e   0x0000000a   Code   RO         3957    x$fpl$fretinf       fz_ws.l(fretinf.o)
    0x08002198   0x08002198   0x00000062   Code   RO         3903    x$fpl$frleqf        fz_ws.l(frleqf.o)
    0x080021fa   0x080021fa   0x00000002   PAD
    0x080021fc   0x080021fc   0x000000ea   Code   RO         3887    x$fpl$fsub          fz_ws.l(faddsub_clz.o)
    0x080022e6   0x080022e6   0x00000000   Code   RO         3959    x$fpl$usenofp       fz_ws.l(usenofp.o)
    0x080022e6   0x080022e6   0x00000004   Data   RO          356    .constdata          ip_line_sensor.o
    0x080022ea   0x080022ea   0x00000002   PAD
    0x080022ec   0x080022ec   0x00000020   Data   RO         4077    Region$$Table       anon$$obj.o
    0x0800230c   0x0800230c   0x00000004   Data   RO          170    .init_array         ip_delay.o
    0x08002310   0x0800230c   0x00000004   Data   RO          466    .init_array         ip_usart.o
    0x08002314   0x0800230c   0x00000000   Data   RO         3880    .init_array         c_w.l(init_aeabi.o)


    Execution Region RW_IRAM1 (Exec base: 0x20000000, Load base: 0x08002314, Size: 0x000007b0, Max: 0x00005000, ABSOLUTE)

    Exec Addr    Load Addr    Size         Type   Attr      Idx    E Section Name        Object

    0x20000000   0x08002314   0x00000008   Data   RW            7    .data               main.o
    0x20000008   0x0800231c   0x00000008   Data   RW          169    .data               ip_delay.o
    0x20000010   0x08002324   0x00000018   Data   RW          256    .data               ip_ir_remote.o
    0x20000028   0x0800233c   0x00000001   Data   RW          357    .data               ip_line_sensor.o
    0x20000029   0x0800233d   0x00000003   PAD
    0x2000002c   0x08002340   0x00000004   Data   RW          465    .data               ip_usart.o
    0x20000030   0x08002344   0x00000014   Data   RW         3839    .data               system_stm32f10x.o
    0x20000044        -       0x0000001c   Zero   RW            6    .bss                main.o
    0x20000060        -       0x0000008a   Zero   RW          255    .bss                ip_ir_remote.o
    0x200000ea   0x08002358   0x00000016   PAD
    0x20000100        -       0x0000004c   Zero   RW          464    .bss                ip_usart.o
    0x2000014c        -       0x00000060   Zero   RW         4006    .bss                c_w.l(libspace.o)
    0x200001ac   0x08002358   0x00000004   PAD
    0x200001b0        -       0x00000200   Zero   RW         3829    HEAP                startup_stm32f10x_md.o
    0x200003b0        -       0x00000400   Zero   RW         3828    STACK               startup_stm32f10x_md.o


==============================================================================

Image component sizes


      Code (inc. data)   RO Data    RW Data    ZI Data      Debug   Object Name

       208          0          0          0          0       9488   app_layer.o
         0          0          0          0          0         32   core_cm3.o
       164         28          4          8          0       3516   ip_delay.o
       424         28          0          0          0       2859   ip_hcsr04.o
       660         70          0         24        138       5457   ip_ir_remote.o
       284          0          0          0          0       3813   ip_line_pid.o
       240         20          4          1          0       2672   ip_line_sensor.o
       452         38          0          0          0       3641   ip_motor.o
       102          0          0          0          0       2763   ip_ring_buffer.o
       654        132          4          4         76      10176   ip_usart.o
       966        260          0          8         28     252847   main.o
       208          0          0          0          0       9448   mid_layer.o
        64         26        236          0       1536        832   startup_stm32f10x_md.o
       424          8          0          0          0       4275   stm32f10x_dma.o
       304          0          0          0          0       3948   stm32f10x_gpio.o
        96         18          0          0          0       1802   stm32f10x_rcc.o
      1462        180          0          0          0      13399   stm32f10x_tim.o
       328         28          0         20          0       2485   system_stm32f10x.o

    ----------------------------------------------------------------------
      7052        836        282         68       1800     333453   Object Totals
         0          0         32          0          0          0   (incl. Generated)
        12          0          2          3         22          0   (incl. Padding)

    ----------------------------------------------------------------------

      Code (inc. data)   RO Data    RW Data    ZI Data      Debug   Library Member Name

         8          0          0          0          0         68   __main.o
        40          0          0          0          0         84   __printf_nopercent.o
         0          0          0          0          0          0   __rtentry.o
        12          0          0          0          0          0   __rtentry2.o
         6          0          0          0          0          0   __rtentry4.o
        52          8          0          0          0          0   __scatter.o
        26          0          0          0          0          0   __scatter_copy.o
        28          0          0          0          0          0   __scatter_zi.o
        48          6          0          0          0         96   _printf_char_common.o
        36          4          0          0          0         80   _printf_char_file.o
        18          0          0          0          0         80   exit.o
         8          0          0          0          0         68   ferror.o
         6          0          0          0          0        152   heapauxi.o
         0          0          0          0          0          0   indicate_semi.o
        36         10          0          0          0         80   init_aeabi.o
         2          0          0          0          0          0   libinit.o
         6          0          0          0          0          0   libinit2.o
         2          0          0          0          0          0   libshutdown.o
         2          0          0          0          0          0   libshutdown2.o
         8          4          0          0         96         68   libspace.o
        24          4          0          0          0         84   noretval__2printf.o
         2          0          0          0          0          0   rtexit.o
        10          0          0          0          0          0   rtexit2.o
        12          4          0          0          0         68   sys_exit.o
        74          0          0          0          0         80   sys_stackheap_outer.o
         2          0          0          0          0         68   use_no_semi.o
       430          8          0          0          0        168   faddsub_clz.o
        24          0          0          0          0         68   fcmpi.o
        54          4          0          0          0         84   ffix.o
        48          0          0          0          0         68   fflt_clz.o
       104          4          0          0          0         84   fleqf.o
       258          4          0          0          0         84   fmul.o
       140          4          0          0          0         84   fnaninf.o
        10          0          0          0          0         68   fretinf.o
        98          0          0          0          0         68   frleqf.o
         0          0          0          0          0          0   usenofp.o

    ----------------------------------------------------------------------
      1646         64          0          0        100       1852   Library Totals
        12          0          0          0          4          0   (incl. Padding)

    ----------------------------------------------------------------------

      Code (inc. data)   RO Data    RW Data    ZI Data      Debug   Library Name

       468         40          0          0         96       1076   c_w.l
      1166         24          0          0          0        776   fz_ws.l

    ----------------------------------------------------------------------
      1646         64          0          0        100       1852   Library Totals

    ----------------------------------------------------------------------

==============================================================================


      Code (inc. data)   RO Data    RW Data    ZI Data      Debug   

      8698        900        282         68       1900     328125   Grand Totals
      8698        900        282         68       1900     328125   ELF Image Totals
      8698        900        282         68          0          0   ROM Totals

==============================================================================

    Total RO  Size (Code + RO Data)                 8980 (   8.77kB)
    Total RW  Size (RW Data + ZI Data)              1968 (   1.92kB)
    Total ROM Size (Code + RO Data + RW Data)       9048 (   8.84kB)

==============================================================================

